> Task :gradle-plugin:settings-plugin:checkKotlinGradlePluginConfigurationErrors SKIPPED
> Task :gradle-plugin:shared:checkKotlinGradlePluginConfigurationErrors SKIPPED
> Task :gradle-plugin:shared:compileKotlin UP-TO-DATE
> Task :gradle-plugin:shared:compileJava NO-SOURCE
> Task :gradle-plugin:shared:processResources NO-SOURCE
> Task :gradle-plugin:shared:classes UP-TO-DATE
> Task :gradle-plugin:shared:jar UP-TO-DATE
> Task :gradle-plugin:settings-plugin:compileKotlin UP-TO-DATE
> Task :gradle-plugin:settings-plugin:compileJava NO-SOURCE
> Task :gradle-plugin:settings-plugin:pluginDescriptors UP-TO-DATE
> Task :gradle-plugin:settings-plugin:processResources UP-TO-DATE
> Task :gradle-plugin:settings-plugin:classes UP-TO-DATE
> Task :gradle-plugin:settings-plugin:jar UP-TO-DATE
> Task :gradle-plugin:react-native-gradle-plugin:checkKotlinGradlePluginConfigurationErrors SKIPPED
> Task :gradle-plugin:react-native-gradle-plugin:compileKotlin UP-TO-DATE
> Task :gradle-plugin:react-native-gradle-plugin:compileJava NO-SOURCE
> Task :gradle-plugin:react-native-gradle-plugin:pluginDescriptors UP-TO-DATE
> Task :gradle-plugin:react-native-gradle-plugin:processResources UP-TO-DATE
> Task :gradle-plugin:react-native-gradle-plugin:classes UP-TO-DATE
> Task :gradle-plugin:react-native-gradle-plugin:jar UP-TO-DATE

> Configure project :app
WARNING: The option setting 'android.builtInKotlin=false' is deprecated.
The current default is 'true'.
It will be removed in version 10.0 of the Android Gradle plugin.
WARNING: The option setting 'android.newDsl=false' is deprecated.
The current default is 'true'.
It will be removed in version 10.0 of the Android Gradle plugin.
WARNING: API 'applicationVariants' is obsolete and has been replaced with 'AndroidComponentsExtension'.
It will be removed in version 10.0 of the Android Gradle plugin.
The legacy variant API is disabled by default in AGP 9.0, but can be re-enabled by adding 
    android.newDsl=false
to this project's gradle.properties file.
For more information, see http://developer.android.com/build/r/new-dsl.

To determine what is calling applicationVariants, use -Pandroid.debug.obsoleteApi=true on the command line to display more information.
WARNING: API 'testVariants' is obsolete and has been replaced with 'AndroidComponentsExtension'.
It will be removed in version 10.0 of the Android Gradle plugin.
The legacy variant API is disabled by default in AGP 9.0, but can be re-enabled by adding 
    android.newDsl=false
to this project's gradle.properties file.
For more information, see http://developer.android.com/build/r/new-dsl.

To determine what is calling testVariants, use -Pandroid.debug.obsoleteApi=true on the command line to display more information.
WARNING: API 'unitTestVariants' is obsolete and has been replaced with 'AndroidComponentsExtension'.
It will be removed in version 10.0 of the Android Gradle plugin.
The legacy variant API is disabled by default in AGP 9.0, but can be re-enabled by adding 
    android.newDsl=false
to this project's gradle.properties file.
For more information, see http://developer.android.com/build/r/new-dsl.

To determine what is calling unitTestVariants, use -Pandroid.debug.obsoleteApi=true on the command line to display more information.

> Configure project :react-native-documents_picker
WARNING: API 'libraryVariants' is obsolete and has been replaced with 'AndroidComponentsExtension'.
It will be removed in version 10.0 of the Android Gradle plugin.
The legacy variant API is disabled by default in AGP 9.0, but can be re-enabled by adding 
    android.newDsl=false
to this project's gradle.properties file.
For more information, see http://developer.android.com/build/r/new-dsl.

To determine what is calling libraryVariants, use -Pandroid.debug.obsoleteApi=true on the command line to display more information.

> Configure project :react-native-nitro-modules
[NitroModules] 🔥 Your app is boosted by nitro modules!

> Configure project :react-native-nitro-sound
[NitroModules] 🔥 NitroSound is boosted by nitro!

> Task :app:checkKotlinGradlePluginConfigurationErrors SKIPPED
> Task :app:generateAutolinkingNewArchitectureFiles UP-TO-DATE
> Task :app:generateAutolinkingPackageList UP-TO-DATE
> Task :app:generateCodegenSchemaFromJavaScript SKIPPED
> Task :app:generateCodegenArtifactsFromSchema SKIPPED
> Task :app:generateReactNativeEntryPoint UP-TO-DATE
> Task :react-native-community_geolocation:generateCodegenSchemaFromJavaScript UP-TO-DATE
> Task :react-native-community_geolocation:generateCodegenArtifactsFromSchema UP-TO-DATE
> Task :react-native-community_geolocation:preBuild UP-TO-DATE
> Task :react-native-contacts:generateCodegenSchemaFromJavaScript UP-TO-DATE
> Task :react-native-contacts:generateCodegenArtifactsFromSchema UP-TO-DATE
> Task :react-native-contacts:preBuild UP-TO-DATE
> Task :react-native-documents_picker:generateCodegenSchemaFromJavaScript UP-TO-DATE
> Task :react-native-documents_picker:generateCodegenArtifactsFromSchema UP-TO-DATE
> Task :react-native-documents_picker:preBuild UP-TO-DATE
> Task :react-native-gesture-handler:generateCodegenSchemaFromJavaScript UP-TO-DATE
> Task :react-native-gesture-handler:generateCodegenArtifactsFromSchema UP-TO-DATE
> Task :react-native-gesture-handler:preBuild UP-TO-DATE
> Task :react-native-image-picker:generateCodegenSchemaFromJavaScript UP-TO-DATE
> Task :react-native-image-picker:generateCodegenArtifactsFromSchema UP-TO-DATE
> Task :react-native-image-picker:preBuild UP-TO-DATE
> Task :react-native-keychain:generateCodegenSchemaFromJavaScript UP-TO-DATE
> Task :react-native-keychain:generateCodegenArtifactsFromSchema UP-TO-DATE
> Task :react-native-keychain:preBuild UP-TO-DATE
> Task :react-native-nitro-modules:generateCodegenSchemaFromJavaScript UP-TO-DATE
> Task :react-native-nitro-modules:generateCodegenArtifactsFromSchema UP-TO-DATE
> Task :react-native-nitro-modules:prepareHeaders UP-TO-DATE
> Task :react-native-nitro-modules:preBuild UP-TO-DATE
> Task :react-native-nitro-sound:preBuild UP-TO-DATE
> Task :react-native-razorpay:generateCodegenSchemaFromJavaScript UP-TO-DATE
> Task :react-native-razorpay:generateCodegenArtifactsFromSchema UP-TO-DATE
> Task :react-native-razorpay:preBuild UP-TO-DATE
> Task :react-native-safe-area-context:generateCodegenSchemaFromJavaScript UP-TO-DATE
> Task :react-native-safe-area-context:generateCodegenArtifactsFromSchema UP-TO-DATE
> Task :react-native-safe-area-context:preBuild UP-TO-DATE
> Task :react-native-screens:generateCodegenSchemaFromJavaScript UP-TO-DATE
> Task :react-native-screens:generateCodegenArtifactsFromSchema UP-TO-DATE
> Task :react-native-screens:preBuild UP-TO-DATE
> Task :react-native-svg:generateCodegenSchemaFromJavaScript UP-TO-DATE
> Task :react-native-svg:generateCodegenArtifactsFromSchema UP-TO-DATE
> Task :react-native-svg:preBuild UP-TO-DATE
> Task :app:preBuild UP-TO-DATE
> Task :app:preDebugBuild UP-TO-DATE
> Task :app:generateDebugBuildConfig UP-TO-DATE
> Task :app:generateDebugResValues UP-TO-DATE
> Task :app:generateDebugResources UP-TO-DATE
> Task :app:packageDebugResources UP-TO-DATE
> Task :react-native-community_geolocation:preDebugBuild UP-TO-DATE
> Task :react-native-community_geolocation:processDebugNavigationResources UP-TO-DATE
> Task :react-native-contacts:preDebugBuild UP-TO-DATE
> Task :react-native-contacts:processDebugNavigationResources UP-TO-DATE
> Task :react-native-documents_picker:preDebugBuild UP-TO-DATE
> Task :react-native-documents_picker:processDebugNavigationResources UP-TO-DATE
> Task :react-native-gesture-handler:preDebugBuild UP-TO-DATE
> Task :react-native-gesture-handler:processDebugNavigationResources UP-TO-DATE
> Task :react-native-image-picker:preDebugBuild UP-TO-DATE
> Task :react-native-image-picker:processDebugNavigationResources UP-TO-DATE
> Task :react-native-keychain:preDebugBuild UP-TO-DATE
> Task :react-native-keychain:processDebugNavigationResources UP-TO-DATE
> Task :react-native-nitro-modules:preDebugBuild UP-TO-DATE
> Task :react-native-nitro-modules:processDebugNavigationResources UP-TO-DATE
> Task :react-native-nitro-sound:preDebugBuild UP-TO-DATE
> Task :react-native-nitro-sound:processDebugNavigationResources UP-TO-DATE
> Task :react-native-razorpay:preDebugBuild UP-TO-DATE
> Task :react-native-razorpay:processDebugNavigationResources UP-TO-DATE
> Task :react-native-safe-area-context:preDebugBuild UP-TO-DATE
> Task :react-native-safe-area-context:processDebugNavigationResources UP-TO-DATE
> Task :react-native-screens:preDebugBuild UP-TO-DATE
> Task :react-native-screens:processDebugNavigationResources UP-TO-DATE
> Task :react-native-svg:preDebugBuild UP-TO-DATE
> Task :react-native-svg:processDebugNavigationResources UP-TO-DATE
> Task :app:processDebugNavigationResources UP-TO-DATE
> Task :app:parseDebugLocalResources UP-TO-DATE
> Task :app:generateDebugRFile UP-TO-DATE
> Task :react-native-community_geolocation:generateDebugBuildConfig UP-TO-DATE
> Task :react-native-community_geolocation:generateDebugResources UP-TO-DATE
> Task :react-native-community_geolocation:packageDebugResources UP-TO-DATE
> Task :react-native-community_geolocation:parseDebugLocalResources UP-TO-DATE
> Task :react-native-community_geolocation:generateDebugRFile UP-TO-DATE
> Task :react-native-community_geolocation:javaPreCompileDebug UP-TO-DATE
> Task :react-native-community_geolocation:compileDebugJavaWithJavac UP-TO-DATE
> Task :react-native-community_geolocation:bundleLibCompileToJarDebug UP-TO-DATE
> Task :react-native-contacts:generateDebugBuildConfig UP-TO-DATE
> Task :react-native-contacts:generateDebugResources UP-TO-DATE
> Task :react-native-contacts:packageDebugResources UP-TO-DATE
> Task :react-native-contacts:parseDebugLocalResources UP-TO-DATE
> Task :react-native-contacts:generateDebugRFile UP-TO-DATE
> Task :react-native-contacts:javaPreCompileDebug UP-TO-DATE
> Task :react-native-contacts:compileDebugJavaWithJavac UP-TO-DATE
> Task :react-native-contacts:bundleLibCompileToJarDebug UP-TO-DATE
> Task :react-native-documents_picker:checkKotlinGradlePluginConfigurationErrors SKIPPED
> Task :react-native-documents_picker:generateDebugBuildConfig UP-TO-DATE
> Task :react-native-documents_picker:generateDebugResources UP-TO-DATE
> Task :react-native-documents_picker:packageDebugResources UP-TO-DATE
> Task :react-native-documents_picker:parseDebugLocalResources UP-TO-DATE
> Task :react-native-documents_picker:generateDebugRFile UP-TO-DATE
> Task :react-native-documents_picker:compileDebugKotlin UP-TO-DATE
> Task :react-native-documents_picker:javaPreCompileDebug UP-TO-DATE
> Task :react-native-documents_picker:compileDebugJavaWithJavac UP-TO-DATE
> Task :react-native-documents_picker:bundleLibCompileToJarDebug UP-TO-DATE
> Task :react-native-gesture-handler:checkKotlinGradlePluginConfigurationErrors SKIPPED
> Task :react-native-gesture-handler:generateDebugBuildConfig UP-TO-DATE
> Task :react-native-gesture-handler:generateDebugResources UP-TO-DATE
> Task :react-native-gesture-handler:packageDebugResources UP-TO-DATE
> Task :react-native-gesture-handler:parseDebugLocalResources UP-TO-DATE
> Task :react-native-gesture-handler:generateDebugRFile UP-TO-DATE
> Task :react-native-svg:generateDebugBuildConfig UP-TO-DATE
> Task :react-native-svg:generateDebugResources UP-TO-DATE
> Task :react-native-svg:packageDebugResources UP-TO-DATE
> Task :react-native-svg:parseDebugLocalResources UP-TO-DATE
> Task :react-native-svg:generateDebugRFile UP-TO-DATE
> Task :react-native-svg:javaPreCompileDebug UP-TO-DATE
> Task :react-native-svg:compileDebugJavaWithJavac UP-TO-DATE
> Task :react-native-svg:bundleLibCompileToJarDebug UP-TO-DATE
> Task :react-native-gesture-handler:compileDebugKotlin UP-TO-DATE
> Task :react-native-gesture-handler:javaPreCompileDebug UP-TO-DATE
> Task :react-native-gesture-handler:compileDebugJavaWithJavac UP-TO-DATE
> Task :react-native-gesture-handler:bundleLibCompileToJarDebug UP-TO-DATE
> Task :react-native-image-picker:generateDebugBuildConfig UP-TO-DATE
> Task :react-native-image-picker:generateDebugResources UP-TO-DATE
> Task :react-native-image-picker:packageDebugResources UP-TO-DATE
> Task :react-native-image-picker:parseDebugLocalResources UP-TO-DATE
> Task :react-native-image-picker:generateDebugRFile UP-TO-DATE
> Task :react-native-image-picker:javaPreCompileDebug UP-TO-DATE
> Task :react-native-image-picker:compileDebugJavaWithJavac UP-TO-DATE
> Task :react-native-image-picker:bundleLibCompileToJarDebug UP-TO-DATE
> Task :react-native-keychain:checkKotlinGradlePluginConfigurationErrors SKIPPED
> Task :react-native-keychain:generateDebugBuildConfig UP-TO-DATE
> Task :react-native-keychain:generateDebugResources UP-TO-DATE
> Task :react-native-keychain:packageDebugResources UP-TO-DATE
> Task :react-native-keychain:parseDebugLocalResources UP-TO-DATE
> Task :react-native-keychain:generateDebugRFile UP-TO-DATE
> Task :react-native-keychain:compileDebugKotlin UP-TO-DATE
> Task :react-native-keychain:javaPreCompileDebug UP-TO-DATE
> Task :react-native-keychain:compileDebugJavaWithJavac UP-TO-DATE
> Task :react-native-keychain:bundleLibCompileToJarDebug UP-TO-DATE
> Task :react-native-nitro-modules:checkKotlinGradlePluginConfigurationErrors SKIPPED
> Task :react-native-nitro-modules:generateDebugBuildConfig UP-TO-DATE
> Task :react-native-nitro-modules:generateDebugResources UP-TO-DATE
> Task :react-native-nitro-modules:packageDebugResources UP-TO-DATE
> Task :react-native-nitro-modules:parseDebugLocalResources UP-TO-DATE
> Task :react-native-nitro-modules:generateDebugRFile UP-TO-DATE
> Task :react-native-nitro-modules:compileDebugKotlin UP-TO-DATE
> Task :react-native-nitro-modules:javaPreCompileDebug UP-TO-DATE
> Task :react-native-nitro-modules:compileDebugJavaWithJavac UP-TO-DATE
> Task :react-native-nitro-modules:bundleLibCompileToJarDebug UP-TO-DATE
> Task :react-native-nitro-sound:checkKotlinGradlePluginConfigurationErrors SKIPPED
> Task :react-native-nitro-sound:generateDebugBuildConfig UP-TO-DATE
> Task :react-native-nitro-sound:generateDebugResources UP-TO-DATE
> Task :react-native-nitro-sound:packageDebugResources UP-TO-DATE
> Task :react-native-nitro-sound:parseDebugLocalResources UP-TO-DATE
> Task :react-native-nitro-sound:generateDebugRFile UP-TO-DATE
> Task :react-native-nitro-sound:compileDebugKotlin UP-TO-DATE
> Task :react-native-nitro-sound:javaPreCompileDebug UP-TO-DATE
> Task :react-native-nitro-sound:compileDebugJavaWithJavac UP-TO-DATE
> Task :react-native-nitro-sound:bundleLibCompileToJarDebug UP-TO-DATE
> Task :react-native-razorpay:generateDebugBuildConfig UP-TO-DATE
> Task :react-native-razorpay:generateDebugResources UP-TO-DATE
> Task :react-native-razorpay:packageDebugResources UP-TO-DATE
> Task :react-native-razorpay:parseDebugLocalResources UP-TO-DATE
> Task :react-native-razorpay:generateDebugRFile UP-TO-DATE
> Task :react-native-razorpay:javaPreCompileDebug UP-TO-DATE
> Task :react-native-razorpay:compileDebugJavaWithJavac UP-TO-DATE
> Task :react-native-razorpay:bundleLibCompileToJarDebug UP-TO-DATE
> Task :react-native-safe-area-context:checkKotlinGradlePluginConfigurationErrors SKIPPED
> Task :react-native-safe-area-context:generateDebugBuildConfig UP-TO-DATE
> Task :react-native-safe-area-context:generateDebugResources UP-TO-DATE
> Task :react-native-safe-area-context:packageDebugResources UP-TO-DATE
> Task :react-native-safe-area-context:parseDebugLocalResources UP-TO-DATE
> Task :react-native-safe-area-context:generateDebugRFile UP-TO-DATE
> Task :react-native-safe-area-context:compileDebugKotlin UP-TO-DATE
> Task :react-native-safe-area-context:javaPreCompileDebug UP-TO-DATE
> Task :react-native-safe-area-context:compileDebugJavaWithJavac UP-TO-DATE
> Task :react-native-safe-area-context:bundleLibCompileToJarDebug UP-TO-DATE
> Task :react-native-screens:checkKotlinGradlePluginConfigurationErrors SKIPPED
> Task :react-native-screens:generateDebugBuildConfig UP-TO-DATE
> Task :react-native-screens:generateDebugResources UP-TO-DATE
> Task :react-native-screens:packageDebugResources UP-TO-DATE
> Task :react-native-screens:parseDebugLocalResources UP-TO-DATE
> Task :react-native-screens:generateDebugRFile UP-TO-DATE
> Task :react-native-screens:compileDebugKotlin UP-TO-DATE
> Task :react-native-screens:javaPreCompileDebug UP-TO-DATE
> Task :react-native-screens:compileDebugJavaWithJavac UP-TO-DATE
> Task :react-native-screens:bundleLibCompileToJarDebug UP-TO-DATE
> Task :app:compileDebugKotlin UP-TO-DATE
> Task :app:javaPreCompileDebug UP-TO-DATE
> Task :app:compileDebugJavaWithJavac UP-TO-DATE
> Task :app:generateDebugAssets UP-TO-DATE
> Task :react-native-community_geolocation:generateDebugAssets UP-TO-DATE
> Task :react-native-community_geolocation:mergeDebugAssets UP-TO-DATE
> Task :react-native-contacts:generateDebugAssets UP-TO-DATE
> Task :react-native-contacts:mergeDebugAssets UP-TO-DATE
> Task :react-native-documents_picker:generateDebugAssets UP-TO-DATE
> Task :react-native-documents_picker:mergeDebugAssets UP-TO-DATE
> Task :react-native-gesture-handler:generateDebugAssets UP-TO-DATE
> Task :react-native-gesture-handler:mergeDebugAssets UP-TO-DATE
> Task :react-native-image-picker:generateDebugAssets UP-TO-DATE
> Task :react-native-image-picker:mergeDebugAssets UP-TO-DATE
> Task :react-native-keychain:generateDebugAssets UP-TO-DATE
> Task :react-native-keychain:mergeDebugAssets UP-TO-DATE
> Task :react-native-nitro-modules:generateDebugAssets UP-TO-DATE
> Task :react-native-nitro-modules:mergeDebugAssets UP-TO-DATE
> Task :react-native-nitro-sound:generateDebugAssets UP-TO-DATE
> Task :react-native-nitro-sound:mergeDebugAssets UP-TO-DATE
> Task :react-native-razorpay:generateDebugAssets UP-TO-DATE
> Task :react-native-razorpay:mergeDebugAssets UP-TO-DATE
> Task :react-native-safe-area-context:generateDebugAssets UP-TO-DATE
> Task :react-native-safe-area-context:mergeDebugAssets UP-TO-DATE
> Task :react-native-screens:generateDebugAssets UP-TO-DATE
> Task :react-native-screens:mergeDebugAssets UP-TO-DATE
> Task :react-native-svg:generateDebugAssets UP-TO-DATE
> Task :react-native-svg:mergeDebugAssets UP-TO-DATE
> Task :app:mergeDebugAssets UP-TO-DATE
> Task :app:compressDebugAssets UP-TO-DATE
> Task :app:generateDebugGlobalSynthetics UP-TO-DATE
> Task :app:processDebugJavaRes UP-TO-DATE
> Task :react-native-community_geolocation:processDebugJavaRes NO-SOURCE
> Task :react-native-contacts:processDebugJavaRes NO-SOURCE
> Task :react-native-documents_picker:processDebugJavaRes UP-TO-DATE
> Task :react-native-gesture-handler:processDebugJavaRes UP-TO-DATE
> Task :react-native-image-picker:processDebugJavaRes NO-SOURCE
> Task :react-native-keychain:processDebugJavaRes UP-TO-DATE
> Task :react-native-nitro-modules:processDebugJavaRes UP-TO-DATE
> Task :react-native-nitro-sound:processDebugJavaRes UP-TO-DATE
> Task :react-native-razorpay:processDebugJavaRes NO-SOURCE
> Task :react-native-safe-area-context:processDebugJavaRes UP-TO-DATE
> Task :react-native-screens:processDebugJavaRes UP-TO-DATE
> Task :react-native-svg:processDebugJavaRes NO-SOURCE
> Task :app:mergeDebugJavaResource UP-TO-DATE
> Task :app:checkDebugDuplicateClasses UP-TO-DATE
> Task :app:desugarDebugFileDependencies UP-TO-DATE
> Task :app:mergeExtDexDebug UP-TO-DATE
> Task :react-native-documents_picker:bundleLibRuntimeToDirDebug UP-TO-DATE
> Task :react-native-gesture-handler:bundleLibRuntimeToDirDebug UP-TO-DATE
> Task :react-native-keychain:bundleLibRuntimeToDirDebug UP-TO-DATE
> Task :react-native-nitro-sound:bundleLibRuntimeToDirDebug UP-TO-DATE
> Task :react-native-nitro-modules:bundleLibRuntimeToDirDebug UP-TO-DATE
> Task :react-native-safe-area-context:bundleLibRuntimeToDirDebug UP-TO-DATE
> Task :react-native-screens:bundleLibRuntimeToDirDebug UP-TO-DATE
> Task :react-native-community_geolocation:bundleLibRuntimeToDirDebug UP-TO-DATE
> Task :react-native-contacts:bundleLibRuntimeToDirDebug UP-TO-DATE
> Task :react-native-image-picker:bundleLibRuntimeToDirDebug UP-TO-DATE
> Task :react-native-razorpay:bundleLibRuntimeToDirDebug UP-TO-DATE
> Task :react-native-svg:bundleLibRuntimeToDirDebug UP-TO-DATE
> Task :react-native-community_geolocation:writeDebugAarMetadata UP-TO-DATE
> Task :react-native-contacts:writeDebugAarMetadata UP-TO-DATE
> Task :react-native-documents_picker:writeDebugAarMetadata UP-TO-DATE
> Task :react-native-gesture-handler:writeDebugAarMetadata UP-TO-DATE
> Task :react-native-image-picker:writeDebugAarMetadata UP-TO-DATE
> Task :app:mergeLibDexDebug UP-TO-DATE
> Task :react-native-keychain:writeDebugAarMetadata UP-TO-DATE
> Task :react-native-nitro-modules:writeDebugAarMetadata UP-TO-DATE
> Task :react-native-nitro-sound:writeDebugAarMetadata UP-TO-DATE
> Task :react-native-razorpay:writeDebugAarMetadata UP-TO-DATE
> Task :react-native-safe-area-context:writeDebugAarMetadata UP-TO-DATE
> Task :react-native-screens:writeDebugAarMetadata UP-TO-DATE
> Task :react-native-svg:writeDebugAarMetadata UP-TO-DATE
> Task :app:checkDebugAarMetadata UP-TO-DATE
> Task :app:mapDebugSourceSetPaths UP-TO-DATE
> Task :app:compileDebugNavigationResources UP-TO-DATE
> Task :app:mergeDebugResources UP-TO-DATE
> Task :app:createDebugCompatibleScreenManifests UP-TO-DATE
> Task :app:extractDeepLinksDebug UP-TO-DATE
> Task :react-native-community_geolocation:extractDeepLinksDebug UP-TO-DATE
> Task :react-native-community_geolocation:processDebugManifest UP-TO-DATE
> Task :react-native-contacts:extractDeepLinksDebug UP-TO-DATE
> Task :react-native-contacts:processDebugManifest UP-TO-DATE
> Task :react-native-documents_picker:extractDeepLinksDebug UP-TO-DATE
> Task :react-native-documents_picker:processDebugManifest UP-TO-DATE
> Task :react-native-gesture-handler:extractDeepLinksDebug UP-TO-DATE
> Task :react-native-gesture-handler:processDebugManifest UP-TO-DATE
> Task :react-native-image-picker:extractDeepLinksDebug UP-TO-DATE
> Task :react-native-image-picker:processDebugManifest UP-TO-DATE
> Task :react-native-keychain:extractDeepLinksDebug UP-TO-DATE
> Task :react-native-keychain:processDebugManifest UP-TO-DATE
> Task :react-native-nitro-modules:extractDeepLinksDebug UP-TO-DATE
> Task :react-native-nitro-modules:processDebugManifest UP-TO-DATE
> Task :react-native-nitro-sound:extractDeepLinksDebug UP-TO-DATE
> Task :react-native-nitro-sound:processDebugManifest UP-TO-DATE
> Task :react-native-razorpay:extractDeepLinksDebug UP-TO-DATE
> Task :react-native-razorpay:processDebugManifest UP-TO-DATE
> Task :react-native-safe-area-context:extractDeepLinksDebug UP-TO-DATE
> Task :react-native-safe-area-context:processDebugManifest UP-TO-DATE
> Task :react-native-screens:extractDeepLinksDebug UP-TO-DATE
> Task :react-native-screens:processDebugManifest UP-TO-DATE
> Task :react-native-svg:extractDeepLinksDebug UP-TO-DATE
> Task :react-native-svg:processDebugManifest UP-TO-DATE
> Task :app:processDebugMainManifest UP-TO-DATE
> Task :app:processDebugManifest UP-TO-DATE
> Task :app:processDebugManifestForPackage UP-TO-DATE
> Task :react-native-community_geolocation:mapDebugSourceSetPaths UP-TO-DATE
> Task :react-native-community_geolocation:compileDebugLibraryResources UP-TO-DATE
> Task :react-native-contacts:mapDebugSourceSetPaths UP-TO-DATE
> Task :react-native-contacts:compileDebugLibraryResources UP-TO-DATE
> Task :react-native-documents_picker:mapDebugSourceSetPaths UP-TO-DATE
> Task :react-native-documents_picker:compileDebugLibraryResources UP-TO-DATE
> Task :react-native-gesture-handler:mapDebugSourceSetPaths UP-TO-DATE
> Task :react-native-gesture-handler:compileDebugLibraryResources UP-TO-DATE
> Task :react-native-image-picker:mapDebugSourceSetPaths UP-TO-DATE
> Task :react-native-image-picker:compileDebugLibraryResources UP-TO-DATE
> Task :react-native-keychain:mapDebugSourceSetPaths UP-TO-DATE
> Task :react-native-keychain:compileDebugLibraryResources UP-TO-DATE
> Task :react-native-nitro-modules:mapDebugSourceSetPaths UP-TO-DATE
> Task :react-native-nitro-modules:compileDebugLibraryResources UP-TO-DATE
> Task :react-native-nitro-sound:mapDebugSourceSetPaths UP-TO-DATE
> Task :react-native-nitro-sound:compileDebugLibraryResources UP-TO-DATE
> Task :react-native-razorpay:mapDebugSourceSetPaths UP-TO-DATE
> Task :react-native-razorpay:compileDebugLibraryResources UP-TO-DATE
> Task :react-native-safe-area-context:mapDebugSourceSetPaths UP-TO-DATE
> Task :react-native-safe-area-context:compileDebugLibraryResources UP-TO-DATE
> Task :react-native-screens:mapDebugSourceSetPaths UP-TO-DATE
> Task :react-native-screens:compileDebugLibraryResources UP-TO-DATE
> Task :react-native-svg:mapDebugSourceSetPaths UP-TO-DATE
> Task :react-native-svg:compileDebugLibraryResources UP-TO-DATE
> Task :app:processDebugResources UP-TO-DATE
> Task :app:dexBuilderDebug UP-TO-DATE
> Task :app:mergeProjectDexDebug UP-TO-DATE
> Task :react-native-nitro-modules:configureCMakeDebug[x86_64]
> Task :react-native-nitro-modules:buildCMakeDebug[x86_64]
> Task :react-native-nitro-modules:externalNativeBuildDebug
> Task :react-native-nitro-modules:generateJsonModelDebug
> Task :react-native-nitro-modules:prefabDebugConfigurePackage

> Task :app:configureCMakeDebug[x86_64]
C/C++: CMake Deprecation Warning at C:/Users/abhip/AppData/Local/Android/Sdk/ndk/27.1.12297006/build/cmake/android.toolchain.cmake:35 (cmake_minimum_required):
C/C++:   Compatibility with CMake < 3.10 will be removed from a future version of
C/C++:   CMake.
C/C++:   Update the VERSION argument <min> value.  Or, use the <min>...<max> syntax
C/C++:   to tell CMake that the project requires at least <min> but has been updated
C/C++:   to work with policies introduced by <max> or earlier.
C/C++: Call Stack (most recent call first):
C/C++:   C:/Users/abhip/ps-ops-platform-stable/mobile/android/app/.cxx/Debug/2z2lq4u1/x86_64/CMakeFiles/4.1.2/CMakeSystem.cmake:6 (include)
C/C++:   CMakeLists.txt:28 (project)
C/C++: CMake Deprecation Warning at C:/Users/abhip/AppData/Local/Android/Sdk/ndk/27.1.12297006/build/cmake/android-legacy.toolchain.cmake:35 (cmake_minimum_required):
C/C++:   Compatibility with CMake < 3.10 will be removed from a future version of
C/C++:   CMake.
C/C++:   Update the VERSION argument <min> value.  Or, use the <min>...<max> syntax
C/C++:   to tell CMake that the project requires at least <min> but has been updated
C/C++:   to work with policies introduced by <max> or earlier.
C/C++: Call Stack (most recent call first):
C/C++:   C:/Users/abhip/AppData/Local/Android/Sdk/ndk/27.1.12297006/build/cmake/android.toolchain.cmake:55 (include)
C/C++:   C:/Users/abhip/ps-ops-platform-stable/mobile/android/app/.cxx/Debug/2z2lq4u1/x86_64/CMakeFiles/4.1.2/CMakeSystem.cmake:6 (include)
C/C++:   CMakeLists.txt:28 (project)
C/C++: CMake Deprecation Warning at C:/Users/abhip/AppData/Local/Android/Sdk/ndk/27.1.12297006/build/cmake/flags.cmake:18 (cmake_minimum_required):
C/C++:   Compatibility with CMake < 3.10 will be removed from a future version of
C/C++:   CMake.
C/C++:   Update the VERSION argument <min> value.  Or, use the <min>...<max> syntax
C/C++:   to tell CMake that the project requires at least <min> but has been updated
C/C++:   to work with policies introduced by <max> or earlier.
C/C++: Call Stack (most recent call first):
C/C++:   C:/Users/abhip/AppData/Local/Android/Sdk/cmake/4.1.2/share/cmake-4.1/Modules/Platform/Android-Clang.cmake:23 (include)
C/C++:   C:/Users/abhip/AppData/Local/Android/Sdk/cmake/4.1.2/share/cmake-4.1/Modules/Platform/Android-Clang-C.cmake:1 (include)
C/C++:   C:/Users/abhip/AppData/Local/Android/Sdk/cmake/4.1.2/share/cmake-4.1/Modules/CMakeCInformation.cmake:48 (include)
C/C++:   CMakeLists.txt:28 (project)
C/C++: CMake Deprecation Warning at C:/Users/abhip/AppData/Local/Android/Sdk/ndk/27.1.12297006/build/cmake/android.toolchain.cmake:35 (cmake_minimum_required):
C/C++:   Compatibility with CMake < 3.10 will be removed from a future version of
C/C++:   CMake.
C/C++:   Update the VERSION argument <min> value.  Or, use the <min>...<max> syntax
C/C++:   to tell CMake that the project requires at least <min> but has been updated
C/C++:   to work with policies introduced by <max> or earlier.
C/C++: Call Stack (most recent call first):
C/C++:   C:/Users/abhip/ps-ops-platform-stable/mobile/android/app/.cxx/Debug/2z2lq4u1/x86_64/CMakeFiles/4.1.2/CMakeSystem.cmake:6 (include)
C/C++:   C:/Users/abhip/ps-ops-platform-stable/mobile/android/app/.cxx/Debug/2z2lq4u1/x86_64/CMakeFiles/_CMakeLTOTest-CXX/src/CMakeLists.txt:2 (project)
C/C++: CMake Deprecation Warning at C:/Users/abhip/AppData/Local/Android/Sdk/ndk/27.1.12297006/build/cmake/android-legacy.toolchain.cmake:35 (cmake_minimum_required):
C/C++:   Compatibility with CMake < 3.10 will be removed from a future version of
C/C++:   CMake.
C/C++:   Update the VERSION argument <min> value.  Or, use the <min>...<max> syntax
C/C++:   to tell CMake that the project requires at least <min> but has been updated
C/C++:   to work with policies introduced by <max> or earlier.
C/C++: Call Stack (most recent call first):
C/C++:   C:/Users/abhip/AppData/Local/Android/Sdk/ndk/27.1.12297006/build/cmake/android.toolchain.cmake:55 (include)
C/C++:   C:/Users/abhip/ps-ops-platform-stable/mobile/android/app/.cxx/Debug/2z2lq4u1/x86_64/CMakeFiles/4.1.2/CMakeSystem.cmake:6 (include)
C/C++:   C:/Users/abhip/ps-ops-platform-stable/mobile/android/app/.cxx/Debug/2z2lq4u1/x86_64/CMakeFiles/_CMakeLTOTest-CXX/src/CMakeLists.txt:2 (project)
C/C++: CMake Deprecation Warning at C:/Users/abhip/AppData/Local/Android/Sdk/ndk/27.1.12297006/build/cmake/flags.cmake:18 (cmake_minimum_required):
C/C++:   Compatibility with CMake < 3.10 will be removed from a future version of
C/C++:   CMake.
C/C++:   Update the VERSION argument <min> value.  Or, use the <min>...<max> syntax
C/C++:   to tell CMake that the project requires at least <min> but has been updated
C/C++:   to work with policies introduced by <max> or earlier.
C/C++: Call Stack (most recent call first):
C/C++:   C:/Users/abhip/AppData/Local/Android/Sdk/cmake/4.1.2/share/cmake-4.1/Modules/Platform/Android-Clang.cmake:23 (include)
C/C++:   C:/Users/abhip/AppData/Local/Android/Sdk/cmake/4.1.2/share/cmake-4.1/Modules/Platform/Android-Clang-CXX.cmake:1 (include)
C/C++:   C:/Users/abhip/AppData/Local/Android/Sdk/cmake/4.1.2/share/cmake-4.1/Modules/CMakeCXXInformation.cmake:48 (include)
C/C++:   C:/Users/abhip/ps-ops-platform-stable/mobile/android/app/.cxx/Debug/2z2lq4u1/x86_64/CMakeFiles/_CMakeLTOTest-CXX/src/CMakeLists.txt:2 (project)
C/C++: CMake Deprecation Warning at C:/Users/abhip/AppData/Local/Android/Sdk/ndk/27.1.12297006/build/cmake/android.toolchain.cmake:35 (cmake_minimum_required):
C/C++:   Compatibility with CMake < 3.10 will be removed from a future version of
C/C++:   CMake.
C/C++:   Update the VERSION argument <min> value.  Or, use the <min>...<max> syntax
C/C++:   to tell CMake that the project requires at least <min> but has been updated
C/C++:   to work with policies introduced by <max> or earlier.
C/C++: Call Stack (most recent call first):
C/C++:   C:/Users/abhip/ps-ops-platform-stable/mobile/android/app/.cxx/Debug/2z2lq4u1/x86_64/CMakeFiles/4.1.2/CMakeSystem.cmake:6 (include)
C/C++:   C:/Users/abhip/ps-ops-platform-stable/mobile/android/app/.cxx/Debug/2z2lq4u1/x86_64/CMakeFiles/_CMakeLTOTest-C/src/CMakeLists.txt:2 (project)
C/C++: CMake Deprecation Warning at C:/Users/abhip/AppData/Local/Android/Sdk/ndk/27.1.12297006/build/cmake/android-legacy.toolchain.cmake:35 (cmake_minimum_required):
C/C++:   Compatibility with CMake < 3.10 will be removed from a future version of
C/C++:   CMake.
C/C++:   Update the VERSION argument <min> value.  Or, use the <min>...<max> syntax
C/C++:   to tell CMake that the project requires at least <min> but has been updated
C/C++:   to work with policies introduced by <max> or earlier.
C/C++: Call Stack (most recent call first):
C/C++:   C:/Users/abhip/AppData/Local/Android/Sdk/ndk/27.1.12297006/build/cmake/android.toolchain.cmake:55 (include)
C/C++:   C:/Users/abhip/ps-ops-platform-stable/mobile/android/app/.cxx/Debug/2z2lq4u1/x86_64/CMakeFiles/4.1.2/CMakeSystem.cmake:6 (include)
C/C++:   C:/Users/abhip/ps-ops-platform-stable/mobile/android/app/.cxx/Debug/2z2lq4u1/x86_64/CMakeFiles/_CMakeLTOTest-C/src/CMakeLists.txt:2 (project)
C/C++: CMake Deprecation Warning at C:/Users/abhip/AppData/Local/Android/Sdk/ndk/27.1.12297006/build/cmake/flags.cmake:18 (cmake_minimum_required):
C/C++:   Compatibility with CMake < 3.10 will be removed from a future version of
C/C++:   CMake.
C/C++:   Update the VERSION argument <min> value.  Or, use the <min>...<max> syntax
C/C++:   to tell CMake that the project requires at least <min> but has been updated
C/C++:   to work with policies introduced by <max> or earlier.
C/C++: Call Stack (most recent call first):
C/C++:   C:/Users/abhip/AppData/Local/Android/Sdk/cmake/4.1.2/share/cmake-4.1/Modules/Platform/Android-Clang.cmake:23 (include)
C/C++:   C:/Users/abhip/AppData/Local/Android/Sdk/cmake/4.1.2/share/cmake-4.1/Modules/Platform/Android-Clang-C.cmake:1 (include)
C/C++:   C:/Users/abhip/AppData/Local/Android/Sdk/cmake/4.1.2/share/cmake-4.1/Modules/CMakeCInformation.cmake:48 (include)
C/C++:   C:/Users/abhip/ps-ops-platform-stable/mobile/android/app/.cxx/Debug/2z2lq4u1/x86_64/CMakeFiles/_CMakeLTOTest-C/src/CMakeLists.txt:2 (project)
C/C++: CMake Warning in C:/Users/abhip/ps-ops-platform-stable/mobile/node_modules/react-native-gesture-handler/android/CMakeLists.txt:
C/C++:   The object file directory
C/C++:     C:/Users/abhip/ps-ops-platform-stable/mobile/android/app/.cxx/Debug/2z2lq4u1/x86_64/rngesturehandler_codegen_autolinked_build/CMakeFiles/react_codegen_rngesturehandler_codegen.dir/./
C/C++:   has 182 characters.  The maximum full path to an object file is 250
C/C++:   characters (see CMAKE_OBJECT_PATH_MAX).  Object file
C/C++:     8b3477b3c1134977bfc89d307f6e5c56/rngesturehandler_codegen-generated.cpp.o
C/C++:   cannot be safely placed under this directory.  The build may not work
C/C++:   correctly.

> Task :react-native-nitro-modules:prefabDebugPackage
> Task :app:buildCMakeDebug[x86_64]
> Task :app:mergeDebugJniLibFolders UP-TO-DATE
> Task :react-native-community_geolocation:mergeDebugJniLibFolders UP-TO-DATE
> Task :react-native-community_geolocation:mergeDebugNativeLibs NO-SOURCE
> Task :react-native-community_geolocation:copyDebugJniLibsProjectOnly UP-TO-DATE
> Task :react-native-contacts:mergeDebugJniLibFolders UP-TO-DATE
> Task :react-native-contacts:mergeDebugNativeLibs NO-SOURCE
> Task :react-native-contacts:copyDebugJniLibsProjectOnly UP-TO-DATE
> Task :react-native-documents_picker:mergeDebugJniLibFolders UP-TO-DATE
> Task :react-native-documents_picker:mergeDebugNativeLibs NO-SOURCE
> Task :react-native-documents_picker:copyDebugJniLibsProjectOnly UP-TO-DATE
> Task :react-native-gesture-handler:configureCMakeDebug[x86_64]
> Task :react-native-gesture-handler:buildCMakeDebug[x86_64]
> Task :react-native-gesture-handler:mergeDebugJniLibFolders UP-TO-DATE
> Task :react-native-image-picker:mergeDebugJniLibFolders UP-TO-DATE
> Task :react-native-image-picker:mergeDebugNativeLibs NO-SOURCE
> Task :react-native-image-picker:copyDebugJniLibsProjectOnly UP-TO-DATE
> Task :react-native-keychain:mergeDebugJniLibFolders UP-TO-DATE
> Task :react-native-keychain:mergeDebugNativeLibs NO-SOURCE
> Task :react-native-keychain:copyDebugJniLibsProjectOnly UP-TO-DATE
> Task :react-native-nitro-modules:mergeDebugJniLibFolders UP-TO-DATE
> Task :react-native-gesture-handler:mergeDebugNativeLibs
> Task :react-native-gesture-handler:copyDebugJniLibsProjectOnly
> Task :react-native-nitro-modules:mergeDebugNativeLibs
> Task :react-native-nitro-sound:configureCMakeDebug[x86_64]
> Task :react-native-nitro-modules:copyDebugJniLibsProjectOnly
> Task :react-native-nitro-sound:buildCMakeDebug[x86_64]
> Task :react-native-nitro-sound:mergeDebugJniLibFolders UP-TO-DATE
> Task :react-native-razorpay:mergeDebugJniLibFolders UP-TO-DATE
> Task :react-native-razorpay:mergeDebugNativeLibs NO-SOURCE
> Task :react-native-razorpay:copyDebugJniLibsProjectOnly UP-TO-DATE
> Task :react-native-safe-area-context:mergeDebugJniLibFolders UP-TO-DATE
> Task :react-native-safe-area-context:mergeDebugNativeLibs NO-SOURCE
> Task :react-native-safe-area-context:copyDebugJniLibsProjectOnly UP-TO-DATE
> Task :react-native-screens:configureCMakeDebug[x86_64]
> Task :react-native-nitro-sound:mergeDebugNativeLibs
> Task :react-native-screens:buildCMakeDebug[x86_64]
> Task :react-native-screens:mergeDebugJniLibFolders UP-TO-DATE
> Task :react-native-svg:mergeDebugJniLibFolders UP-TO-DATE
> Task :react-native-svg:mergeDebugNativeLibs NO-SOURCE
> Task :react-native-svg:copyDebugJniLibsProjectOnly UP-TO-DATE
> Task :app:validateSigningDebug UP-TO-DATE
> Task :app:writeDebugAppMetadata UP-TO-DATE
> Task :app:writeDebugSigningConfigVersions UP-TO-DATE
> Task :react-native-nitro-sound:copyDebugJniLibsProjectOnly
> Task :react-native-screens:mergeDebugNativeLibs
> Task :react-native-screens:copyDebugJniLibsProjectOnly
> Task :app:mergeDebugNativeLibs
> Task :app:stripDebugDebugSymbols
> Task :app:packageDebug
> Task :app:createDebugApkListingFileRedirect UP-TO-DATE

> Task :app:installDebug
Installing APK 'app-debug.apk' on 'Pixel_6(AVD) - 16' for :app:debug
Installed on 1 device.

[Incubating] Problems report is available at: file:///C:/Users/abhip/ps-ops-platform-stable/mobile/android/build/reports/problems/problems-report.html

Deprecated Gradle features were used in this build, making it incompatible with Gradle 10.

You can use '--warning-mode all' to show the individual deprecation warnings and determine if they come from your own scripts or plugins.

For more on this, please refer to https://docs.gradle.org/9.4.1/userguide/command_line_interface.html#sec:command_line_warnings in the Gradle documentation.

BUILD SUCCESSFUL in 16s
323 actionable tasks: 25 executed, 298 up-to-date
