> Task :gradle-plugin:settings-plugin:checkKotlinGradlePluginConfigurationErrors SKIPPED
> Task :gradle-plugin:shared:checkKotlinGradlePluginConfigurationErrors SKIPPED
> Task :gradle-plugin:shared:compileKotlin UP-TO-DATE
> Task :gradle-plugin:shared:compileJava NO-SOURCE
> Task :gradle-plugin:shared:processResources NO-SOURCE
> Task :gradle-plugin:shared:classes UP-TO-DATE
> Task :gradle-plugin:shared:jar UP-TO-DATE
> Task :gradle-plugin:settings-plugin:compileKotlin UP-TO-DATE
> Task :gradle-plugin:settings-plugin:compileJava NO-SOURCE
> Task :gradle-plugin:settings-plugin:pluginDescriptors UP-TO-DATE
> Task :gradle-plugin:settings-plugin:processResources UP-TO-DATE
> Task :gradle-plugin:settings-plugin:classes UP-TO-DATE
> Task :gradle-plugin:settings-plugin:jar UP-TO-DATE
> Task :gradle-plugin:react-native-gradle-plugin:checkKotlinGradlePluginConfigurationErrors SKIPPED
> Task :gradle-plugin:react-native-gradle-plugin:compileKotlin UP-TO-DATE
> Task :gradle-plugin:react-native-gradle-plugin:compileJava NO-SOURCE
> Task :gradle-plugin:react-native-gradle-plugin:pluginDescriptors UP-TO-DATE
> Task :gradle-plugin:react-native-gradle-plugin:processResources UP-TO-DATE
> Task :gradle-plugin:react-native-gradle-plugin:classes UP-TO-DATE
> Task :gradle-plugin:react-native-gradle-plugin:jar UP-TO-DATE

> Configure project :app
WARNING: The option setting 'android.builtInKotlin=false' is deprecated.
The current default is 'true'.
It will be removed in version 10.0 of the Android Gradle plugin.
WARNING: The option setting 'android.newDsl=false' is deprecated.
The current default is 'true'.
It will be removed in version 10.0 of the Android Gradle plugin.
WARNING: API 'applicationVariants' is obsolete and has been replaced with 'AndroidComponentsExtension'.
It will be removed in version 10.0 of the Android Gradle plugin.
The legacy variant API is disabled by default in AGP 9.0, but can be re-enabled by adding 
    android.newDsl=false
to this project's gradle.properties file.
For more information, see http://developer.android.com/build/r/new-dsl.

To determine what is calling applicationVariants, use -Pandroid.debug.obsoleteApi=true on the command line to display more information.
WARNING: API 'testVariants' is obsolete and has been replaced with 'AndroidComponentsExtension'.
It will be removed in version 10.0 of the Android Gradle plugin.
The legacy variant API is disabled by default in AGP 9.0, but can be re-enabled by adding 
    android.newDsl=false
to this project's gradle.properties file.
For more information, see http://developer.android.com/build/r/new-dsl.

To determine what is calling testVariants, use -Pandroid.debug.obsoleteApi=true on the command line to display more information.
WARNING: API 'unitTestVariants' is obsolete and has been replaced with 'AndroidComponentsExtension'.
It will be removed in version 10.0 of the Android Gradle plugin.
The legacy variant API is disabled by default in AGP 9.0, but can be re-enabled by adding 
    android.newDsl=false
to this project's gradle.properties file.
For more information, see http://developer.android.com/build/r/new-dsl.

To determine what is calling unitTestVariants, use -Pandroid.debug.obsoleteApi=true on the command line to display more information.

> Configure project :react-native-documents_picker
WARNING: API 'libraryVariants' is obsolete and has been replaced with 'AndroidComponentsExtension'.
It will be removed in version 10.0 of the Android Gradle plugin.
The legacy variant API is disabled by default in AGP 9.0, but can be re-enabled by adding 
    android.newDsl=false
to this project's gradle.properties file.
For more information, see http://developer.android.com/build/r/new-dsl.

To determine what is calling libraryVariants, use -Pandroid.debug.obsoleteApi=true on the command line to display more information.

> Configure project :react-native-nitro-modules
[NitroModules] 🔥 Your app is boosted by nitro modules!

> Configure project :react-native-nitro-sound
[NitroModules] 🔥 NitroSound is boosted by nitro!

> Task :app:generateAutolinkingNewArchitectureFiles UP-TO-DATE
> Task :app:generateAutolinkingPackageList UP-TO-DATE
> Task :app:generateCodegenSchemaFromJavaScript SKIPPED
> Task :app:generateCodegenArtifactsFromSchema SKIPPED
> Task :app:generateReactNativeEntryPoint UP-TO-DATE
> Task :react-native-community_geolocation:generateCodegenSchemaFromJavaScript UP-TO-DATE
> Task :react-native-community_geolocation:generateCodegenArtifactsFromSchema UP-TO-DATE
> Task :react-native-community_geolocation:preBuild UP-TO-DATE
> Task :react-native-contacts:generateCodegenSchemaFromJavaScript UP-TO-DATE
> Task :react-native-contacts:generateCodegenArtifactsFromSchema UP-TO-DATE
> Task :react-native-contacts:preBuild UP-TO-DATE
> Task :react-native-documents_picker:generateCodegenSchemaFromJavaScript UP-TO-DATE
> Task :react-native-documents_picker:generateCodegenArtifactsFromSchema UP-TO-DATE
> Task :react-native-documents_picker:preBuild UP-TO-DATE
> Task :react-native-gesture-handler:generateCodegenSchemaFromJavaScript UP-TO-DATE
> Task :react-native-gesture-handler:generateCodegenArtifactsFromSchema UP-TO-DATE
> Task :react-native-gesture-handler:preBuild UP-TO-DATE
> Task :react-native-image-picker:generateCodegenSchemaFromJavaScript UP-TO-DATE
> Task :react-native-image-picker:generateCodegenArtifactsFromSchema UP-TO-DATE
> Task :react-native-image-picker:preBuild UP-TO-DATE
> Task :react-native-keychain:generateCodegenSchemaFromJavaScript UP-TO-DATE
> Task :react-native-keychain:generateCodegenArtifactsFromSchema UP-TO-DATE
> Task :react-native-keychain:preBuild UP-TO-DATE
> Task :react-native-nitro-modules:generateCodegenSchemaFromJavaScript UP-TO-DATE
> Task :react-native-nitro-modules:generateCodegenArtifactsFromSchema UP-TO-DATE
> Task :react-native-nitro-modules:prepareHeaders UP-TO-DATE
> Task :react-native-nitro-modules:preBuild UP-TO-DATE
> Task :react-native-nitro-sound:preBuild UP-TO-DATE
> Task :react-native-razorpay:generateCodegenSchemaFromJavaScript UP-TO-DATE
> Task :react-native-razorpay:generateCodegenArtifactsFromSchema UP-TO-DATE
> Task :react-native-razorpay:preBuild UP-TO-DATE
> Task :react-native-safe-area-context:generateCodegenSchemaFromJavaScript UP-TO-DATE
> Task :react-native-safe-area-context:generateCodegenArtifactsFromSchema UP-TO-DATE
> Task :react-native-safe-area-context:preBuild UP-TO-DATE
> Task :react-native-screens:generateCodegenSchemaFromJavaScript UP-TO-DATE
> Task :react-native-screens:generateCodegenArtifactsFromSchema UP-TO-DATE
> Task :react-native-screens:preBuild UP-TO-DATE
> Task :react-native-svg:generateCodegenSchemaFromJavaScript UP-TO-DATE
> Task :react-native-svg:generateCodegenArtifactsFromSchema UP-TO-DATE
> Task :react-native-svg:preBuild UP-TO-DATE
> Task :app:preBuild UP-TO-DATE
> Task :app:preReleaseBuild UP-TO-DATE
> Task :react-native-nitro-modules:preReleaseBuild UP-TO-DATE
> Task :react-native-nitro-modules:configureCMakeRelWithDebInfo[arm64-v8a]
> Task :react-native-nitro-modules:buildCMakeRelWithDebInfo[arm64-v8a]
> Task :react-native-nitro-modules:configureCMakeRelWithDebInfo[armeabi-v7a]
> Task :react-native-nitro-modules:buildCMakeRelWithDebInfo[armeabi-v7a]
> Task :react-native-nitro-modules:externalNativeBuildRelease
> Task :react-native-nitro-modules:generateJsonModelRelease
> Task :react-native-nitro-modules:prefabReleaseConfigurePackage
> Task :app:configureCMakeRelWithDebInfo[arm64-v8a]
> Task :react-native-nitro-modules:prefabReleasePackage UP-TO-DATE
> Task :app:buildCMakeRelWithDebInfo[arm64-v8a]
> Task :app:configureCMakeRelWithDebInfo[armeabi-v7a]
> Task :app:buildCMakeRelWithDebInfo[armeabi-v7a]
> Task :app:mergeReleaseJniLibFolders UP-TO-DATE
> Task :react-native-community_geolocation:preReleaseBuild UP-TO-DATE
> Task :react-native-community_geolocation:mergeReleaseJniLibFolders UP-TO-DATE
> Task :react-native-community_geolocation:mergeReleaseNativeLibs NO-SOURCE
> Task :react-native-community_geolocation:copyReleaseJniLibsProjectOnly UP-TO-DATE
> Task :react-native-contacts:preReleaseBuild UP-TO-DATE
> Task :react-native-contacts:mergeReleaseJniLibFolders UP-TO-DATE
> Task :react-native-contacts:mergeReleaseNativeLibs NO-SOURCE
> Task :react-native-contacts:copyReleaseJniLibsProjectOnly UP-TO-DATE
> Task :react-native-documents_picker:preReleaseBuild UP-TO-DATE
> Task :react-native-documents_picker:mergeReleaseJniLibFolders UP-TO-DATE
> Task :react-native-documents_picker:mergeReleaseNativeLibs NO-SOURCE
> Task :react-native-documents_picker:copyReleaseJniLibsProjectOnly UP-TO-DATE
> Task :react-native-gesture-handler:preReleaseBuild UP-TO-DATE
> Task :react-native-gesture-handler:configureCMakeRelWithDebInfo[arm64-v8a]
> Task :react-native-gesture-handler:buildCMakeRelWithDebInfo[arm64-v8a]
> Task :react-native-gesture-handler:configureCMakeRelWithDebInfo[armeabi-v7a]
> Task :react-native-gesture-handler:buildCMakeRelWithDebInfo[armeabi-v7a]
> Task :react-native-gesture-handler:mergeReleaseJniLibFolders UP-TO-DATE
> Task :react-native-gesture-handler:mergeReleaseNativeLibs UP-TO-DATE
> Task :react-native-gesture-handler:copyReleaseJniLibsProjectOnly UP-TO-DATE
> Task :react-native-image-picker:preReleaseBuild UP-TO-DATE
> Task :react-native-image-picker:mergeReleaseJniLibFolders UP-TO-DATE
> Task :react-native-image-picker:mergeReleaseNativeLibs NO-SOURCE
> Task :react-native-image-picker:copyReleaseJniLibsProjectOnly UP-TO-DATE
> Task :react-native-keychain:preReleaseBuild UP-TO-DATE
> Task :react-native-keychain:mergeReleaseJniLibFolders UP-TO-DATE
> Task :react-native-keychain:mergeReleaseNativeLibs NO-SOURCE
> Task :react-native-keychain:copyReleaseJniLibsProjectOnly UP-TO-DATE
> Task :react-native-nitro-modules:mergeReleaseJniLibFolders UP-TO-DATE
> Task :react-native-nitro-modules:mergeReleaseNativeLibs UP-TO-DATE
> Task :react-native-nitro-modules:copyReleaseJniLibsProjectOnly UP-TO-DATE
> Task :react-native-nitro-sound:preReleaseBuild UP-TO-DATE
> Task :react-native-nitro-sound:configureCMakeRelWithDebInfo[arm64-v8a]
> Task :react-native-nitro-sound:buildCMakeRelWithDebInfo[arm64-v8a]
> Task :react-native-nitro-sound:configureCMakeRelWithDebInfo[armeabi-v7a]
> Task :react-native-nitro-sound:buildCMakeRelWithDebInfo[armeabi-v7a]
> Task :react-native-nitro-sound:mergeReleaseJniLibFolders UP-TO-DATE
> Task :react-native-nitro-sound:mergeReleaseNativeLibs UP-TO-DATE
> Task :react-native-nitro-sound:copyReleaseJniLibsProjectOnly UP-TO-DATE
> Task :react-native-razorpay:preReleaseBuild UP-TO-DATE
> Task :react-native-razorpay:mergeReleaseJniLibFolders UP-TO-DATE
> Task :react-native-razorpay:mergeReleaseNativeLibs NO-SOURCE
> Task :react-native-razorpay:copyReleaseJniLibsProjectOnly UP-TO-DATE
> Task :react-native-safe-area-context:preReleaseBuild UP-TO-DATE
> Task :react-native-safe-area-context:mergeReleaseJniLibFolders UP-TO-DATE
> Task :react-native-safe-area-context:mergeReleaseNativeLibs NO-SOURCE
> Task :react-native-safe-area-context:copyReleaseJniLibsProjectOnly UP-TO-DATE
> Task :react-native-screens:preReleaseBuild UP-TO-DATE
> Task :react-native-screens:configureCMakeRelWithDebInfo[arm64-v8a]
> Task :react-native-screens:buildCMakeRelWithDebInfo[arm64-v8a]
> Task :react-native-screens:configureCMakeRelWithDebInfo[armeabi-v7a]
> Task :react-native-screens:buildCMakeRelWithDebInfo[armeabi-v7a]
> Task :react-native-screens:mergeReleaseJniLibFolders UP-TO-DATE
> Task :react-native-screens:mergeReleaseNativeLibs UP-TO-DATE
> Task :react-native-screens:copyReleaseJniLibsProjectOnly UP-TO-DATE
> Task :react-native-svg:preReleaseBuild UP-TO-DATE
> Task :react-native-svg:mergeReleaseJniLibFolders UP-TO-DATE
> Task :react-native-svg:mergeReleaseNativeLibs NO-SOURCE
> Task :react-native-svg:copyReleaseJniLibsProjectOnly UP-TO-DATE
> Task :app:mergeReleaseNativeLibs UP-TO-DATE
> Task :app:stripReleaseDebugSymbols UP-TO-DATE
> Task :app:extractReleaseNativeSymbolTables UP-TO-DATE
> Task :app:mergeReleaseNativeDebugMetadata UP-TO-DATE
> Task :react-native-documents_picker:checkKotlinGradlePluginConfigurationErrors SKIPPED
> Task :react-native-documents_picker:generateReleaseBuildConfig UP-TO-DATE
> Task :react-native-documents_picker:generateReleaseResources UP-TO-DATE
> Task :react-native-documents_picker:packageReleaseResources UP-TO-DATE
> Task :react-native-documents_picker:processReleaseNavigationResources UP-TO-DATE
> Task :react-native-documents_picker:parseReleaseLocalResources UP-TO-DATE
> Task :react-native-documents_picker:generateReleaseRFile UP-TO-DATE
> Task :react-native-documents_picker:compileReleaseKotlin UP-TO-DATE
> Task :react-native-documents_picker:javaPreCompileRelease UP-TO-DATE
> Task :react-native-documents_picker:compileReleaseJavaWithJavac UP-TO-DATE
> Task :react-native-documents_picker:mergeReleaseGeneratedProguardFiles UP-TO-DATE
> Task :react-native-documents_picker:exportReleaseConsumerProguardFiles UP-TO-DATE
> Task :react-native-gesture-handler:checkKotlinGradlePluginConfigurationErrors SKIPPED
> Task :react-native-gesture-handler:generateReleaseBuildConfig UP-TO-DATE
> Task :react-native-gesture-handler:generateReleaseResources UP-TO-DATE
> Task :react-native-gesture-handler:packageReleaseResources UP-TO-DATE
> Task :react-native-gesture-handler:processReleaseNavigationResources UP-TO-DATE
> Task :react-native-gesture-handler:parseReleaseLocalResources UP-TO-DATE
> Task :react-native-gesture-handler:generateReleaseRFile UP-TO-DATE
> Task :react-native-svg:generateReleaseBuildConfig UP-TO-DATE
> Task :react-native-svg:generateReleaseResources UP-TO-DATE
> Task :react-native-svg:packageReleaseResources UP-TO-DATE
> Task :react-native-svg:processReleaseNavigationResources UP-TO-DATE
> Task :react-native-svg:parseReleaseLocalResources UP-TO-DATE
> Task :react-native-svg:generateReleaseRFile UP-TO-DATE
> Task :react-native-svg:javaPreCompileRelease UP-TO-DATE
> Task :react-native-svg:compileReleaseJavaWithJavac UP-TO-DATE
> Task :react-native-svg:bundleLibCompileToJarRelease UP-TO-DATE
> Task :react-native-gesture-handler:compileReleaseKotlin UP-TO-DATE
> Task :react-native-gesture-handler:javaPreCompileRelease UP-TO-DATE
> Task :react-native-gesture-handler:compileReleaseJavaWithJavac UP-TO-DATE
> Task :react-native-gesture-handler:mergeReleaseGeneratedProguardFiles UP-TO-DATE
> Task :react-native-gesture-handler:exportReleaseConsumerProguardFiles UP-TO-DATE
> Task :react-native-keychain:checkKotlinGradlePluginConfigurationErrors SKIPPED
> Task :react-native-keychain:generateReleaseBuildConfig UP-TO-DATE
> Task :react-native-keychain:generateReleaseResources UP-TO-DATE
> Task :react-native-keychain:packageReleaseResources UP-TO-DATE
> Task :react-native-keychain:processReleaseNavigationResources UP-TO-DATE
> Task :react-native-keychain:parseReleaseLocalResources UP-TO-DATE
> Task :react-native-keychain:generateReleaseRFile UP-TO-DATE
> Task :react-native-keychain:compileReleaseKotlin UP-TO-DATE
> Task :react-native-keychain:javaPreCompileRelease UP-TO-DATE
> Task :react-native-keychain:compileReleaseJavaWithJavac UP-TO-DATE
> Task :react-native-keychain:mergeReleaseGeneratedProguardFiles UP-TO-DATE
> Task :react-native-keychain:exportReleaseConsumerProguardFiles UP-TO-DATE
> Task :react-native-nitro-modules:checkKotlinGradlePluginConfigurationErrors SKIPPED
> Task :react-native-nitro-modules:generateReleaseBuildConfig UP-TO-DATE
> Task :react-native-nitro-modules:generateReleaseResources UP-TO-DATE
> Task :react-native-nitro-modules:packageReleaseResources UP-TO-DATE
> Task :react-native-nitro-modules:processReleaseNavigationResources UP-TO-DATE
> Task :react-native-nitro-modules:parseReleaseLocalResources UP-TO-DATE
> Task :react-native-nitro-modules:generateReleaseRFile UP-TO-DATE
> Task :react-native-nitro-modules:compileReleaseKotlin UP-TO-DATE
> Task :react-native-nitro-modules:javaPreCompileRelease UP-TO-DATE
> Task :react-native-nitro-modules:compileReleaseJavaWithJavac UP-TO-DATE
> Task :react-native-nitro-modules:bundleLibCompileToJarRelease UP-TO-DATE
> Task :react-native-nitro-sound:checkKotlinGradlePluginConfigurationErrors SKIPPED
> Task :react-native-nitro-sound:generateReleaseBuildConfig UP-TO-DATE
> Task :react-native-nitro-sound:generateReleaseResources UP-TO-DATE
> Task :react-native-nitro-sound:packageReleaseResources UP-TO-DATE
> Task :react-native-nitro-sound:processReleaseNavigationResources UP-TO-DATE
> Task :react-native-nitro-sound:parseReleaseLocalResources UP-TO-DATE
> Task :react-native-nitro-sound:generateReleaseRFile UP-TO-DATE
> Task :react-native-nitro-sound:compileReleaseKotlin UP-TO-DATE
> Task :react-native-nitro-sound:javaPreCompileRelease UP-TO-DATE
> Task :react-native-nitro-sound:compileReleaseJavaWithJavac UP-TO-DATE
> Task :react-native-nitro-sound:mergeReleaseGeneratedProguardFiles UP-TO-DATE
> Task :react-native-nitro-sound:exportReleaseConsumerProguardFiles UP-TO-DATE
> Task :react-native-nitro-modules:mergeReleaseGeneratedProguardFiles UP-TO-DATE
> Task :react-native-nitro-modules:exportReleaseConsumerProguardFiles UP-TO-DATE
> Task :react-native-safe-area-context:checkKotlinGradlePluginConfigurationErrors SKIPPED
> Task :react-native-safe-area-context:generateReleaseBuildConfig UP-TO-DATE
> Task :react-native-safe-area-context:generateReleaseResources UP-TO-DATE
> Task :react-native-safe-area-context:packageReleaseResources UP-TO-DATE
> Task :react-native-safe-area-context:processReleaseNavigationResources UP-TO-DATE
> Task :react-native-safe-area-context:parseReleaseLocalResources UP-TO-DATE
> Task :react-native-safe-area-context:generateReleaseRFile UP-TO-DATE
> Task :react-native-safe-area-context:compileReleaseKotlin UP-TO-DATE
> Task :react-native-safe-area-context:javaPreCompileRelease UP-TO-DATE
> Task :react-native-safe-area-context:compileReleaseJavaWithJavac UP-TO-DATE
> Task :react-native-safe-area-context:mergeReleaseGeneratedProguardFiles UP-TO-DATE
> Task :react-native-safe-area-context:exportReleaseConsumerProguardFiles UP-TO-DATE
> Task :react-native-screens:checkKotlinGradlePluginConfigurationErrors SKIPPED
> Task :react-native-screens:generateReleaseBuildConfig UP-TO-DATE
> Task :react-native-screens:generateReleaseResources UP-TO-DATE
> Task :react-native-screens:packageReleaseResources UP-TO-DATE
> Task :react-native-screens:processReleaseNavigationResources UP-TO-DATE
> Task :react-native-screens:parseReleaseLocalResources UP-TO-DATE
> Task :react-native-screens:generateReleaseRFile UP-TO-DATE
> Task :react-native-screens:compileReleaseKotlin UP-TO-DATE
> Task :react-native-screens:javaPreCompileRelease UP-TO-DATE
> Task :react-native-screens:compileReleaseJavaWithJavac UP-TO-DATE
> Task :react-native-screens:mergeReleaseGeneratedProguardFiles UP-TO-DATE
> Task :react-native-screens:exportReleaseConsumerProguardFiles UP-TO-DATE
> Task :react-native-community_geolocation:generateReleaseBuildConfig UP-TO-DATE
> Task :react-native-community_geolocation:generateReleaseResources UP-TO-DATE
> Task :react-native-community_geolocation:packageReleaseResources UP-TO-DATE
> Task :react-native-community_geolocation:processReleaseNavigationResources UP-TO-DATE
> Task :react-native-community_geolocation:parseReleaseLocalResources UP-TO-DATE
> Task :react-native-community_geolocation:generateReleaseRFile UP-TO-DATE
> Task :react-native-community_geolocation:javaPreCompileRelease UP-TO-DATE
> Task :react-native-community_geolocation:compileReleaseJavaWithJavac UP-TO-DATE
> Task :react-native-community_geolocation:mergeReleaseGeneratedProguardFiles UP-TO-DATE
> Task :react-native-community_geolocation:exportReleaseConsumerProguardFiles UP-TO-DATE
> Task :react-native-contacts:generateReleaseBuildConfig UP-TO-DATE
> Task :react-native-contacts:generateReleaseResources UP-TO-DATE
> Task :react-native-contacts:packageReleaseResources UP-TO-DATE
> Task :react-native-contacts:processReleaseNavigationResources UP-TO-DATE
> Task :react-native-contacts:parseReleaseLocalResources UP-TO-DATE
> Task :react-native-contacts:generateReleaseRFile UP-TO-DATE
> Task :react-native-contacts:javaPreCompileRelease UP-TO-DATE
> Task :react-native-contacts:compileReleaseJavaWithJavac UP-TO-DATE
> Task :react-native-contacts:mergeReleaseGeneratedProguardFiles UP-TO-DATE
> Task :react-native-contacts:exportReleaseConsumerProguardFiles UP-TO-DATE
> Task :react-native-image-picker:generateReleaseBuildConfig UP-TO-DATE
> Task :react-native-image-picker:generateReleaseResources UP-TO-DATE
> Task :react-native-image-picker:packageReleaseResources UP-TO-DATE
> Task :react-native-image-picker:processReleaseNavigationResources UP-TO-DATE
> Task :react-native-image-picker:parseReleaseLocalResources UP-TO-DATE
> Task :react-native-image-picker:generateReleaseRFile UP-TO-DATE
> Task :react-native-image-picker:javaPreCompileRelease UP-TO-DATE
> Task :react-native-image-picker:compileReleaseJavaWithJavac UP-TO-DATE
> Task :react-native-image-picker:mergeReleaseGeneratedProguardFiles UP-TO-DATE
> Task :react-native-image-picker:exportReleaseConsumerProguardFiles UP-TO-DATE
> Task :react-native-razorpay:generateReleaseBuildConfig UP-TO-DATE
> Task :react-native-razorpay:generateReleaseResources UP-TO-DATE
> Task :react-native-razorpay:packageReleaseResources UP-TO-DATE
> Task :react-native-razorpay:processReleaseNavigationResources UP-TO-DATE
> Task :react-native-razorpay:parseReleaseLocalResources UP-TO-DATE
> Task :react-native-razorpay:generateReleaseRFile UP-TO-DATE
> Task :react-native-razorpay:javaPreCompileRelease UP-TO-DATE
> Task :react-native-razorpay:compileReleaseJavaWithJavac UP-TO-DATE
> Task :react-native-razorpay:mergeReleaseGeneratedProguardFiles UP-TO-DATE
> Task :react-native-razorpay:exportReleaseConsumerProguardFiles UP-TO-DATE
> Task :react-native-svg:mergeReleaseGeneratedProguardFiles UP-TO-DATE
> Task :react-native-svg:exportReleaseConsumerProguardFiles UP-TO-DATE
> Task :app:buildKotlinToolingMetadata UP-TO-DATE
> Task :app:checkReleaseDuplicateClasses UP-TO-DATE
> Task :app:checkKotlinGradlePluginConfigurationErrors SKIPPED
> Task :app:generateReleaseBuildConfig

> Task :app:createBundleReleaseJsAndAssets

                        ▒▒▓▓▓▓▒▒
                     ▒▓▓▓▒▒░░▒▒▓▓▓▒
                  ▒▓▓▓▓░░░▒▒▒▒░░░▓▓▓▓▒
                 ▓▓▒▒▒▓▓▓▓▓▓▓▓▓▓▓▓▒▒▒▓▓
                 ▓▓░░░░░▒▓▓▓▓▓▓▒░░░░░▓▓
                 ▓▓░░▓▓▒░░░▒▒░░░▒▓▒░░▓▓
                 ▓▓░░▓▓▓▓▓▒▒▒▒▓▓▓▓▒░░▓▓
                 ▓▓░░▓▓▓▓▓▓▓▓▓▓▓▓▓▒░░▓▓
                 ▓▓▒░░▒▒▓▓▓▓▓▓▓▓▒░░░▒▓▓
                  ▒▓▓▓▒░░░▒▓▓▒░░░▒▓▓▓▒
                     ▒▓▓▓▒░░░░▒▓▓▓▒
                        ▒▒▓▓▓▓▒▒


 WARN  the transform cache was reset.
                Welcome to Metro v0.87.0
              Fast - Scalable - Integrated


transform[stderr]: (node:30620) Warning: The 'NO_COLOR' env is ignored due to the 'FORCE_COLOR' env being set.
transform[stderr]: (Use `node --trace-warnings ...` to show where the warning was created)
transform[stderr]: (node:36936) Warning: The 'NO_COLOR' env is ignored due to the 'FORCE_COLOR' env being set.
transform[stderr]: (Use `node --trace-warnings ...` to show where the warning was created)
transform[stderr]: (node:19976) Warning: The 'NO_COLOR' env is ignored due to the 'FORCE_COLOR' env being set.
transform[stderr]: (Use `node --trace-warnings ...` to show where the warning was created)
transform[stderr]: (node:29236) Warning: The 'NO_COLOR' env is ignored due to the 'FORCE_COLOR' env being set.
transform[stderr]: (Use `node --trace-warnings ...` to show where the warning was created)
transform[stderr]: (node:24208) Warning: The 'NO_COLOR' env is ignored due to the 'FORCE_COLOR' env being set.
transform[stderr]: (Use `node --trace-warnings ...` to show where the warning was created)
transform[stderr]: (node:40220) Warning: The 'NO_COLOR' env is ignored due to the 'FORCE_COLOR' env being set.
transform[stderr]: (Use `node --trace-warnings ...` to show where the warning was created)
transform[stderr]: (node:36060) Warning: The 'NO_COLOR' env is ignored due to the 'FORCE_COLOR' env being set.
transform[stderr]: (Use `node --trace-warnings ...` to show where the warning was created)
transform[stderr]: (node:33120) Warning: The 'NO_COLOR' env is ignored due to the 'FORCE_COLOR' env being set.
transform[stderr]: (Use `node --trace-warnings ...` to show where the warning was created)
transform[stderr]: (node:24164) Warning: The 'NO_COLOR' env is ignored due to the 'FORCE_COLOR' env being set.
transform[stderr]: (Use `node --trace-warnings ...` to show where the warning was created)
transform[stderr]: (node:28552) Warning: The 'NO_COLOR' env is ignored due to the 'FORCE_COLOR' env being set.
transform[stderr]: (Use `node --trace-warnings ...` to show where the warning was created)
transform[stderr]: (node:8516) Warning: The 'NO_COLOR' env is ignored due to the 'FORCE_COLOR' env being set.
transform[stderr]: (Use `node --trace-warnings ...` to show where the warning was created)
transform[stderr]: (node:15728) Warning: The 'NO_COLOR' env is ignored due to the 'FORCE_COLOR' env being set.
transform[stderr]: (Use `node --trace-warnings ...` to show where the warning was created)
transform[stderr]: (node:31464) Warning: The 'NO_COLOR' env is ignored due to the 'FORCE_COLOR' env being set.
transform[stderr]: (Use `node --trace-warnings ...` to show where the warning was created)
transform[stderr]: (node:34396) Warning: The 'NO_COLOR' env is ignored due to the 'FORCE_COLOR' env being set.
transform[stderr]: (Use `node --trace-warnings ...` to show where the warning was created)
 WARN  Attempted to import the module "C:\Users\abhip\ps-ops-platform-stable\mobile\node_modules\react-native\src\private\featureflags\ReactNativeFeatureFlags" which is not listed in the "exports" of "C:\Users\abhip\ps-ops-platform-stable\mobile\node_modules\react-native" under the requested subpath "./src/private/featureflags/ReactNativeFeatureFlags". Falling back to file-based resolution. Consider updating the call site or asking the package maintainer(s) to expose this API.
LOG:Writing bundle output to: android\app\build\generated\assets\react\release\index.android.bundle
LOG:Writing sourcemap output to: android\app\build\intermediates\sourcemaps\react\release\index.android.bundle.packager.map
LOG:Done writing bundle output
LOG:Done writing sourcemap output
Copying 20 asset files
Done copying assets

> Task :app:generateReleaseResValues UP-TO-DATE
> Task :app:generateReleaseResources UP-TO-DATE
> Task :app:packageReleaseResources UP-TO-DATE
> Task :app:processReleaseNavigationResources UP-TO-DATE
> Task :app:parseReleaseLocalResources UP-TO-DATE
> Task :app:generateReleaseRFile UP-TO-DATE
> Task :react-native-community_geolocation:bundleLibCompileToJarRelease UP-TO-DATE
> Task :react-native-contacts:bundleLibCompileToJarRelease UP-TO-DATE
> Task :react-native-documents_picker:bundleLibCompileToJarRelease UP-TO-DATE
> Task :react-native-gesture-handler:bundleLibCompileToJarRelease UP-TO-DATE
> Task :react-native-image-picker:bundleLibCompileToJarRelease UP-TO-DATE
> Task :react-native-keychain:bundleLibCompileToJarRelease UP-TO-DATE
> Task :react-native-nitro-sound:bundleLibCompileToJarRelease UP-TO-DATE
> Task :react-native-razorpay:bundleLibCompileToJarRelease UP-TO-DATE
> Task :react-native-safe-area-context:bundleLibCompileToJarRelease UP-TO-DATE
> Task :react-native-screens:bundleLibCompileToJarRelease UP-TO-DATE
> Task :app:javaPreCompileRelease UP-TO-DATE
> Task :react-native-community_geolocation:prepareReleaseArtProfile UP-TO-DATE
> Task :react-native-contacts:prepareReleaseArtProfile UP-TO-DATE
> Task :react-native-documents_picker:prepareReleaseArtProfile UP-TO-DATE
> Task :react-native-gesture-handler:prepareReleaseArtProfile UP-TO-DATE
> Task :react-native-image-picker:prepareReleaseArtProfile UP-TO-DATE
> Task :react-native-keychain:prepareReleaseArtProfile UP-TO-DATE
> Task :react-native-nitro-modules:prepareReleaseArtProfile UP-TO-DATE
> Task :react-native-nitro-sound:prepareReleaseArtProfile UP-TO-DATE
> Task :react-native-razorpay:prepareReleaseArtProfile UP-TO-DATE
> Task :react-native-safe-area-context:prepareReleaseArtProfile UP-TO-DATE
> Task :react-native-screens:prepareReleaseArtProfile UP-TO-DATE
> Task :react-native-svg:prepareReleaseArtProfile UP-TO-DATE
> Task :app:mergeReleaseArtProfile UP-TO-DATE
> Task :react-native-community_geolocation:writeReleaseAarMetadata UP-TO-DATE
> Task :react-native-contacts:writeReleaseAarMetadata UP-TO-DATE
> Task :react-native-documents_picker:writeReleaseAarMetadata UP-TO-DATE
> Task :react-native-gesture-handler:writeReleaseAarMetadata UP-TO-DATE
> Task :react-native-image-picker:writeReleaseAarMetadata UP-TO-DATE
> Task :react-native-keychain:writeReleaseAarMetadata UP-TO-DATE
> Task :react-native-nitro-modules:writeReleaseAarMetadata UP-TO-DATE
> Task :react-native-nitro-sound:writeReleaseAarMetadata UP-TO-DATE
> Task :react-native-razorpay:writeReleaseAarMetadata UP-TO-DATE
> Task :react-native-safe-area-context:writeReleaseAarMetadata UP-TO-DATE
> Task :react-native-screens:writeReleaseAarMetadata UP-TO-DATE
> Task :react-native-svg:writeReleaseAarMetadata UP-TO-DATE
> Task :app:checkReleaseAarMetadata UP-TO-DATE
> Task :app:mapReleaseSourceSetPaths UP-TO-DATE
> Task :app:compileReleaseNavigationResources UP-TO-DATE
> Task :app:mergeReleaseResources UP-TO-DATE
> Task :app:createReleaseCompatibleScreenManifests
> Task :app:extractDeepLinksRelease UP-TO-DATE
> Task :react-native-community_geolocation:extractDeepLinksRelease UP-TO-DATE
> Task :react-native-community_geolocation:processReleaseManifest UP-TO-DATE
> Task :react-native-contacts:extractDeepLinksRelease UP-TO-DATE
> Task :react-native-contacts:processReleaseManifest UP-TO-DATE
> Task :react-native-documents_picker:extractDeepLinksRelease UP-TO-DATE
> Task :app:compileReleaseKotlin
> Task :react-native-documents_picker:processReleaseManifest UP-TO-DATE
> Task :app:compileReleaseJavaWithJavac
> Task :react-native-gesture-handler:extractDeepLinksRelease UP-TO-DATE
> Task :react-native-gesture-handler:processReleaseManifest UP-TO-DATE
> Task :react-native-image-picker:extractDeepLinksRelease UP-TO-DATE
> Task :react-native-image-picker:processReleaseManifest UP-TO-DATE
> Task :react-native-keychain:extractDeepLinksRelease UP-TO-DATE
> Task :react-native-keychain:processReleaseManifest UP-TO-DATE
> Task :react-native-nitro-modules:extractDeepLinksRelease UP-TO-DATE
> Task :react-native-nitro-modules:processReleaseManifest UP-TO-DATE
> Task :react-native-nitro-sound:extractDeepLinksRelease UP-TO-DATE
> Task :react-native-nitro-sound:processReleaseManifest UP-TO-DATE
> Task :react-native-razorpay:extractDeepLinksRelease UP-TO-DATE
> Task :react-native-razorpay:processReleaseManifest UP-TO-DATE
> Task :react-native-safe-area-context:extractDeepLinksRelease UP-TO-DATE
> Task :react-native-safe-area-context:processReleaseManifest UP-TO-DATE
> Task :react-native-screens:extractDeepLinksRelease UP-TO-DATE
> Task :react-native-screens:processReleaseManifest UP-TO-DATE
> Task :react-native-svg:extractDeepLinksRelease UP-TO-DATE
> Task :react-native-svg:processReleaseManifest UP-TO-DATE
> Task :app:processReleaseMainManifest
> Task :app:processReleaseManifest
> Task :react-native-community_geolocation:mapReleaseSourceSetPaths UP-TO-DATE
> Task :react-native-community_geolocation:compileReleaseLibraryResources UP-TO-DATE
> Task :react-native-contacts:mapReleaseSourceSetPaths UP-TO-DATE
> Task :react-native-contacts:compileReleaseLibraryResources UP-TO-DATE
> Task :react-native-documents_picker:mapReleaseSourceSetPaths UP-TO-DATE
> Task :react-native-documents_picker:compileReleaseLibraryResources UP-TO-DATE
> Task :react-native-gesture-handler:mapReleaseSourceSetPaths UP-TO-DATE
> Task :react-native-gesture-handler:compileReleaseLibraryResources UP-TO-DATE
> Task :react-native-image-picker:mapReleaseSourceSetPaths UP-TO-DATE
> Task :react-native-image-picker:compileReleaseLibraryResources UP-TO-DATE
> Task :react-native-keychain:mapReleaseSourceSetPaths UP-TO-DATE
> Task :react-native-keychain:compileReleaseLibraryResources UP-TO-DATE
> Task :react-native-nitro-modules:mapReleaseSourceSetPaths UP-TO-DATE
> Task :react-native-nitro-modules:compileReleaseLibraryResources UP-TO-DATE
> Task :react-native-nitro-sound:mapReleaseSourceSetPaths UP-TO-DATE
> Task :react-native-nitro-sound:compileReleaseLibraryResources UP-TO-DATE
> Task :react-native-razorpay:mapReleaseSourceSetPaths UP-TO-DATE
> Task :react-native-razorpay:compileReleaseLibraryResources UP-TO-DATE
> Task :react-native-safe-area-context:mapReleaseSourceSetPaths UP-TO-DATE
> Task :react-native-safe-area-context:compileReleaseLibraryResources UP-TO-DATE
> Task :react-native-screens:mapReleaseSourceSetPaths UP-TO-DATE
> Task :react-native-screens:compileReleaseLibraryResources UP-TO-DATE
> Task :react-native-svg:mapReleaseSourceSetPaths UP-TO-DATE
> Task :react-native-svg:compileReleaseLibraryResources UP-TO-DATE
> Task :react-native-community_geolocation:bundleLibRuntimeToJarRelease UP-TO-DATE
> Task :react-native-contacts:bundleLibRuntimeToJarRelease UP-TO-DATE
> Task :react-native-documents_picker:bundleLibRuntimeToJarRelease UP-TO-DATE
> Task :react-native-gesture-handler:bundleLibRuntimeToJarRelease UP-TO-DATE
> Task :react-native-image-picker:bundleLibRuntimeToJarRelease UP-TO-DATE
> Task :react-native-keychain:bundleLibRuntimeToJarRelease UP-TO-DATE
> Task :react-native-nitro-modules:bundleLibRuntimeToJarRelease UP-TO-DATE
> Task :react-native-nitro-sound:bundleLibRuntimeToJarRelease UP-TO-DATE
> Task :react-native-razorpay:bundleLibRuntimeToJarRelease UP-TO-DATE
> Task :react-native-safe-area-context:bundleLibRuntimeToJarRelease UP-TO-DATE
> Task :react-native-screens:bundleLibRuntimeToJarRelease UP-TO-DATE
> Task :react-native-svg:bundleLibRuntimeToJarRelease UP-TO-DATE
> Task :app:extractProguardFiles UP-TO-DATE
> Task :app:processReleaseJavaRes UP-TO-DATE
> Task :react-native-community_geolocation:processReleaseJavaRes NO-SOURCE
> Task :react-native-contacts:processReleaseJavaRes NO-SOURCE
> Task :react-native-documents_picker:processReleaseJavaRes UP-TO-DATE
> Task :react-native-gesture-handler:processReleaseJavaRes UP-TO-DATE
> Task :react-native-image-picker:processReleaseJavaRes NO-SOURCE
> Task :react-native-keychain:processReleaseJavaRes UP-TO-DATE
> Task :react-native-nitro-modules:processReleaseJavaRes UP-TO-DATE
> Task :react-native-nitro-sound:processReleaseJavaRes UP-TO-DATE
> Task :react-native-razorpay:processReleaseJavaRes NO-SOURCE
> Task :react-native-safe-area-context:processReleaseJavaRes UP-TO-DATE
> Task :react-native-screens:processReleaseJavaRes UP-TO-DATE
> Task :react-native-svg:processReleaseJavaRes NO-SOURCE
> Task :app:mergeReleaseJavaResource UP-TO-DATE
> Task :app:mergeReleaseStartupProfile UP-TO-DATE
> Task :app:generateReleaseAssets UP-TO-DATE
> Task :react-native-community_geolocation:generateReleaseAssets UP-TO-DATE
> Task :react-native-community_geolocation:mergeReleaseAssets UP-TO-DATE
> Task :react-native-contacts:generateReleaseAssets UP-TO-DATE
> Task :react-native-contacts:mergeReleaseAssets UP-TO-DATE
> Task :react-native-documents_picker:generateReleaseAssets UP-TO-DATE
> Task :react-native-documents_picker:mergeReleaseAssets UP-TO-DATE
> Task :app:processReleaseManifestForPackage
> Task :react-native-gesture-handler:generateReleaseAssets UP-TO-DATE
> Task :react-native-gesture-handler:mergeReleaseAssets UP-TO-DATE
> Task :react-native-image-picker:generateReleaseAssets UP-TO-DATE
> Task :react-native-image-picker:mergeReleaseAssets UP-TO-DATE
> Task :react-native-keychain:generateReleaseAssets UP-TO-DATE
> Task :react-native-keychain:mergeReleaseAssets UP-TO-DATE
> Task :react-native-nitro-modules:generateReleaseAssets UP-TO-DATE
> Task :react-native-nitro-modules:mergeReleaseAssets UP-TO-DATE
> Task :react-native-nitro-sound:generateReleaseAssets UP-TO-DATE
> Task :react-native-nitro-sound:mergeReleaseAssets UP-TO-DATE
> Task :react-native-razorpay:generateReleaseAssets UP-TO-DATE
> Task :react-native-razorpay:mergeReleaseAssets UP-TO-DATE
> Task :react-native-safe-area-context:generateReleaseAssets UP-TO-DATE
> Task :react-native-safe-area-context:mergeReleaseAssets UP-TO-DATE
> Task :react-native-screens:generateReleaseAssets UP-TO-DATE
> Task :react-native-screens:mergeReleaseAssets UP-TO-DATE
> Task :react-native-svg:generateReleaseAssets UP-TO-DATE
> Task :react-native-svg:mergeReleaseAssets UP-TO-DATE
> Task :app:mergeReleaseAssets
> Task :app:extractReleaseVersionControlInfo UP-TO-DATE
> Task :react-native-community_geolocation:createFullJarRelease UP-TO-DATE
> Task :react-native-community_geolocation:extractProguardFiles UP-TO-DATE
> Task :app:compressReleaseAssets
> Task :react-native-community_geolocation:generateReleaseLintModel UP-TO-DATE
> Task :react-native-community_geolocation:prepareLintJarForPublish UP-TO-DATE
> Task :react-native-contacts:createFullJarRelease UP-TO-DATE
> Task :react-native-contacts:extractProguardFiles UP-TO-DATE
> Task :react-native-contacts:generateReleaseLintModel UP-TO-DATE
> Task :react-native-contacts:prepareLintJarForPublish UP-TO-DATE
> Task :react-native-documents_picker:createFullJarRelease UP-TO-DATE
> Task :react-native-documents_picker:extractProguardFiles UP-TO-DATE
> Task :react-native-documents_picker:generateReleaseLintModel UP-TO-DATE
> Task :react-native-documents_picker:prepareLintJarForPublish UP-TO-DATE
> Task :react-native-gesture-handler:createFullJarRelease UP-TO-DATE
> Task :react-native-gesture-handler:extractProguardFiles UP-TO-DATE
> Task :react-native-svg:createFullJarRelease UP-TO-DATE
> Task :react-native-svg:extractProguardFiles UP-TO-DATE
> Task :react-native-svg:generateReleaseLintModel UP-TO-DATE
> Task :react-native-svg:prepareLintJarForPublish UP-TO-DATE
> Task :react-native-gesture-handler:generateReleaseLintModel UP-TO-DATE
> Task :react-native-gesture-handler:prepareLintJarForPublish UP-TO-DATE
> Task :react-native-image-picker:createFullJarRelease UP-TO-DATE
> Task :react-native-image-picker:extractProguardFiles UP-TO-DATE
> Task :react-native-image-picker:generateReleaseLintModel UP-TO-DATE
> Task :react-native-image-picker:prepareLintJarForPublish UP-TO-DATE
> Task :react-native-keychain:createFullJarRelease UP-TO-DATE
> Task :react-native-keychain:extractProguardFiles UP-TO-DATE
> Task :react-native-keychain:generateReleaseLintModel UP-TO-DATE
> Task :react-native-keychain:prepareLintJarForPublish UP-TO-DATE
> Task :react-native-nitro-modules:createFullJarRelease UP-TO-DATE
> Task :react-native-nitro-modules:extractProguardFiles UP-TO-DATE
> Task :react-native-nitro-modules:generateReleaseLintModel UP-TO-DATE
> Task :react-native-nitro-modules:prepareLintJarForPublish UP-TO-DATE
> Task :react-native-nitro-sound:createFullJarRelease UP-TO-DATE
> Task :react-native-nitro-sound:extractProguardFiles UP-TO-DATE
> Task :react-native-nitro-sound:generateReleaseLintModel UP-TO-DATE
> Task :react-native-nitro-sound:prepareLintJarForPublish UP-TO-DATE
> Task :react-native-razorpay:createFullJarRelease UP-TO-DATE
> Task :react-native-razorpay:extractProguardFiles UP-TO-DATE
> Task :react-native-razorpay:generateReleaseLintModel UP-TO-DATE
> Task :react-native-razorpay:prepareLintJarForPublish UP-TO-DATE
> Task :react-native-safe-area-context:createFullJarRelease UP-TO-DATE
> Task :react-native-safe-area-context:extractProguardFiles UP-TO-DATE
> Task :react-native-safe-area-context:generateReleaseLintModel UP-TO-DATE
> Task :react-native-safe-area-context:prepareLintJarForPublish UP-TO-DATE
> Task :react-native-screens:createFullJarRelease UP-TO-DATE
> Task :react-native-screens:extractProguardFiles UP-TO-DATE
> Task :react-native-screens:generateReleaseLintModel UP-TO-DATE
> Task :react-native-screens:prepareLintJarForPublish UP-TO-DATE
> Task :app:generateReleaseLintVitalReportModel
> Task :react-native-documents_picker:checkReleaseAarMetadata UP-TO-DATE
> Task :react-native-documents_picker:stripReleaseDebugSymbols NO-SOURCE
> Task :react-native-documents_picker:copyReleaseJniLibsProjectAndLocalJars UP-TO-DATE
> Task :react-native-documents_picker:extractDeepLinksForAarRelease UP-TO-DATE
> Task :react-native-documents_picker:extractReleaseAnnotations UP-TO-DATE
> Task :react-native-documents_picker:mergeReleaseConsumerProguardFiles UP-TO-DATE
> Task :react-native-documents_picker:mergeReleaseJavaResource UP-TO-DATE
> Task :react-native-documents_picker:syncReleaseLibJars UP-TO-DATE
> Task :react-native-documents_picker:bundleReleaseLocalLintAar UP-TO-DATE
> Task :react-native-gesture-handler:checkReleaseAarMetadata UP-TO-DATE
> Task :react-native-gesture-handler:stripReleaseDebugSymbols UP-TO-DATE
> Task :react-native-gesture-handler:copyReleaseJniLibsProjectAndLocalJars UP-TO-DATE
> Task :react-native-gesture-handler:extractDeepLinksForAarRelease UP-TO-DATE
> Task :react-native-gesture-handler:extractReleaseAnnotations UP-TO-DATE
> Task :react-native-gesture-handler:mergeReleaseConsumerProguardFiles UP-TO-DATE
> Task :react-native-gesture-handler:mergeReleaseJavaResource UP-TO-DATE
> Task :react-native-gesture-handler:syncReleaseLibJars UP-TO-DATE
> Task :react-native-gesture-handler:bundleReleaseLocalLintAar UP-TO-DATE
> Task :react-native-keychain:checkReleaseAarMetadata UP-TO-DATE
> Task :react-native-keychain:stripReleaseDebugSymbols NO-SOURCE
> Task :react-native-keychain:copyReleaseJniLibsProjectAndLocalJars UP-TO-DATE
> Task :react-native-keychain:extractDeepLinksForAarRelease UP-TO-DATE
> Task :react-native-keychain:extractReleaseAnnotations UP-TO-DATE
> Task :react-native-keychain:mergeReleaseConsumerProguardFiles UP-TO-DATE
> Task :react-native-keychain:mergeReleaseJavaResource UP-TO-DATE
> Task :react-native-keychain:syncReleaseLibJars UP-TO-DATE
> Task :react-native-keychain:bundleReleaseLocalLintAar UP-TO-DATE
> Task :react-native-nitro-sound:checkReleaseAarMetadata UP-TO-DATE
> Task :react-native-nitro-sound:stripReleaseDebugSymbols UP-TO-DATE
> Task :react-native-nitro-sound:copyReleaseJniLibsProjectAndLocalJars UP-TO-DATE
> Task :react-native-nitro-sound:extractDeepLinksForAarRelease UP-TO-DATE
> Task :react-native-nitro-sound:extractReleaseAnnotations UP-TO-DATE
> Task :react-native-nitro-sound:mergeReleaseConsumerProguardFiles UP-TO-DATE
> Task :react-native-nitro-sound:mergeReleaseJavaResource UP-TO-DATE
> Task :react-native-nitro-sound:syncReleaseLibJars UP-TO-DATE
> Task :react-native-nitro-sound:bundleReleaseLocalLintAar UP-TO-DATE
> Task :react-native-nitro-modules:checkReleaseAarMetadata UP-TO-DATE
> Task :react-native-nitro-modules:stripReleaseDebugSymbols UP-TO-DATE
> Task :react-native-nitro-modules:copyReleaseJniLibsProjectAndLocalJars UP-TO-DATE
> Task :react-native-nitro-modules:extractDeepLinksForAarRelease UP-TO-DATE
> Task :react-native-nitro-modules:extractReleaseAnnotations UP-TO-DATE
> Task :react-native-nitro-modules:mergeReleaseConsumerProguardFiles UP-TO-DATE
> Task :react-native-nitro-modules:mergeReleaseJavaResource UP-TO-DATE
> Task :react-native-nitro-modules:syncReleaseLibJars UP-TO-DATE
> Task :react-native-nitro-modules:bundleReleaseLocalLintAar UP-TO-DATE
> Task :react-native-safe-area-context:checkReleaseAarMetadata UP-TO-DATE
> Task :react-native-safe-area-context:stripReleaseDebugSymbols NO-SOURCE
> Task :react-native-safe-area-context:copyReleaseJniLibsProjectAndLocalJars UP-TO-DATE
> Task :react-native-safe-area-context:extractDeepLinksForAarRelease UP-TO-DATE
> Task :react-native-safe-area-context:extractReleaseAnnotations UP-TO-DATE
> Task :react-native-safe-area-context:mergeReleaseConsumerProguardFiles UP-TO-DATE
> Task :react-native-safe-area-context:mergeReleaseJavaResource UP-TO-DATE
> Task :react-native-safe-area-context:syncReleaseLibJars UP-TO-DATE
> Task :react-native-safe-area-context:bundleReleaseLocalLintAar UP-TO-DATE
> Task :react-native-screens:checkReleaseAarMetadata UP-TO-DATE
> Task :react-native-screens:stripReleaseDebugSymbols UP-TO-DATE
> Task :react-native-screens:copyReleaseJniLibsProjectAndLocalJars UP-TO-DATE
> Task :react-native-screens:extractDeepLinksForAarRelease UP-TO-DATE
> Task :react-native-screens:extractReleaseAnnotations UP-TO-DATE
> Task :react-native-screens:mergeReleaseConsumerProguardFiles UP-TO-DATE
> Task :react-native-screens:mergeReleaseJavaResource UP-TO-DATE
> Task :react-native-screens:syncReleaseLibJars UP-TO-DATE
> Task :react-native-screens:bundleReleaseLocalLintAar UP-TO-DATE
> Task :react-native-community_geolocation:checkReleaseAarMetadata UP-TO-DATE
> Task :react-native-community_geolocation:stripReleaseDebugSymbols NO-SOURCE
> Task :react-native-community_geolocation:copyReleaseJniLibsProjectAndLocalJars UP-TO-DATE
> Task :react-native-community_geolocation:extractDeepLinksForAarRelease UP-TO-DATE
> Task :react-native-community_geolocation:extractReleaseAnnotations UP-TO-DATE
> Task :react-native-community_geolocation:mergeReleaseConsumerProguardFiles UP-TO-DATE
> Task :react-native-community_geolocation:mergeReleaseJavaResource UP-TO-DATE
> Task :react-native-community_geolocation:syncReleaseLibJars UP-TO-DATE
> Task :react-native-community_geolocation:bundleReleaseLocalLintAar UP-TO-DATE
> Task :react-native-contacts:checkReleaseAarMetadata UP-TO-DATE
> Task :react-native-contacts:stripReleaseDebugSymbols NO-SOURCE
> Task :react-native-contacts:copyReleaseJniLibsProjectAndLocalJars UP-TO-DATE
> Task :react-native-contacts:extractDeepLinksForAarRelease UP-TO-DATE
> Task :react-native-contacts:extractReleaseAnnotations UP-TO-DATE
> Task :react-native-contacts:mergeReleaseConsumerProguardFiles UP-TO-DATE
> Task :react-native-contacts:mergeReleaseJavaResource UP-TO-DATE
> Task :react-native-contacts:syncReleaseLibJars UP-TO-DATE
> Task :react-native-contacts:bundleReleaseLocalLintAar UP-TO-DATE
> Task :react-native-image-picker:checkReleaseAarMetadata UP-TO-DATE
> Task :react-native-image-picker:stripReleaseDebugSymbols NO-SOURCE
> Task :react-native-image-picker:copyReleaseJniLibsProjectAndLocalJars UP-TO-DATE
> Task :react-native-image-picker:extractDeepLinksForAarRelease UP-TO-DATE
> Task :react-native-image-picker:extractReleaseAnnotations UP-TO-DATE
> Task :react-native-image-picker:mergeReleaseConsumerProguardFiles UP-TO-DATE
> Task :react-native-image-picker:mergeReleaseJavaResource UP-TO-DATE
> Task :react-native-image-picker:syncReleaseLibJars UP-TO-DATE
> Task :react-native-image-picker:bundleReleaseLocalLintAar UP-TO-DATE
> Task :react-native-razorpay:checkReleaseAarMetadata UP-TO-DATE
> Task :react-native-razorpay:stripReleaseDebugSymbols NO-SOURCE
> Task :react-native-razorpay:copyReleaseJniLibsProjectAndLocalJars UP-TO-DATE
> Task :react-native-razorpay:extractDeepLinksForAarRelease UP-TO-DATE
> Task :react-native-razorpay:extractReleaseAnnotations UP-TO-DATE
> Task :react-native-razorpay:mergeReleaseConsumerProguardFiles UP-TO-DATE
> Task :react-native-razorpay:mergeReleaseJavaResource UP-TO-DATE
> Task :react-native-razorpay:syncReleaseLibJars UP-TO-DATE
> Task :react-native-razorpay:bundleReleaseLocalLintAar UP-TO-DATE
> Task :react-native-svg:checkReleaseAarMetadata UP-TO-DATE
> Task :react-native-svg:stripReleaseDebugSymbols NO-SOURCE
> Task :react-native-svg:copyReleaseJniLibsProjectAndLocalJars UP-TO-DATE
> Task :react-native-svg:extractDeepLinksForAarRelease UP-TO-DATE
> Task :react-native-svg:extractReleaseAnnotations UP-TO-DATE
> Task :react-native-svg:mergeReleaseConsumerProguardFiles UP-TO-DATE
> Task :react-native-svg:mergeReleaseJavaResource UP-TO-DATE
> Task :react-native-svg:syncReleaseLibJars UP-TO-DATE
> Task :react-native-svg:bundleReleaseLocalLintAar UP-TO-DATE
> Task :react-native-community_geolocation:lintVitalAnalyzeRelease UP-TO-DATE
> Task :react-native-community_geolocation:writeReleaseLintModelMetadata UP-TO-DATE
> Task :react-native-contacts:lintVitalAnalyzeRelease UP-TO-DATE
> Task :react-native-contacts:writeReleaseLintModelMetadata UP-TO-DATE
> Task :react-native-documents_picker:lintVitalAnalyzeRelease UP-TO-DATE
> Task :react-native-documents_picker:writeReleaseLintModelMetadata UP-TO-DATE
> Task :react-native-svg:writeReleaseLintModelMetadata UP-TO-DATE
> Task :react-native-gesture-handler:lintVitalAnalyzeRelease UP-TO-DATE
> Task :react-native-gesture-handler:writeReleaseLintModelMetadata UP-TO-DATE
> Task :react-native-image-picker:lintVitalAnalyzeRelease UP-TO-DATE
> Task :react-native-image-picker:writeReleaseLintModelMetadata UP-TO-DATE
> Task :react-native-keychain:lintVitalAnalyzeRelease UP-TO-DATE
> Task :react-native-keychain:writeReleaseLintModelMetadata UP-TO-DATE
> Task :react-native-nitro-modules:lintVitalAnalyzeRelease UP-TO-DATE
> Task :react-native-nitro-modules:writeReleaseLintModelMetadata UP-TO-DATE
> Task :react-native-nitro-sound:lintVitalAnalyzeRelease UP-TO-DATE
> Task :react-native-nitro-sound:writeReleaseLintModelMetadata UP-TO-DATE
> Task :react-native-razorpay:lintVitalAnalyzeRelease UP-TO-DATE
> Task :react-native-razorpay:writeReleaseLintModelMetadata UP-TO-DATE
> Task :react-native-safe-area-context:lintVitalAnalyzeRelease UP-TO-DATE
> Task :react-native-safe-area-context:writeReleaseLintModelMetadata UP-TO-DATE
> Task :react-native-screens:lintVitalAnalyzeRelease UP-TO-DATE
> Task :react-native-screens:writeReleaseLintModelMetadata UP-TO-DATE
> Task :react-native-svg:lintVitalAnalyzeRelease UP-TO-DATE
> Task :react-native-community_geolocation:generateReleaseLintVitalModel UP-TO-DATE
> Task :react-native-contacts:generateReleaseLintVitalModel UP-TO-DATE
> Task :react-native-documents_picker:generateReleaseLintVitalModel UP-TO-DATE
> Task :react-native-gesture-handler:generateReleaseLintVitalModel UP-TO-DATE
> Task :react-native-image-picker:generateReleaseLintVitalModel UP-TO-DATE
> Task :react-native-keychain:generateReleaseLintVitalModel UP-TO-DATE
> Task :react-native-nitro-modules:generateReleaseLintVitalModel UP-TO-DATE
> Task :react-native-nitro-sound:generateReleaseLintVitalModel UP-TO-DATE
> Task :react-native-razorpay:generateReleaseLintVitalModel UP-TO-DATE
> Task :react-native-safe-area-context:generateReleaseLintVitalModel UP-TO-DATE
> Task :react-native-screens:generateReleaseLintVitalModel UP-TO-DATE
> Task :react-native-svg:generateReleaseLintVitalModel UP-TO-DATE
> Task :app:collectReleaseDependencies UP-TO-DATE
> Task :app:sdkReleaseDependencyData UP-TO-DATE
> Task :app:validateSigningRelease UP-TO-DATE
> Task :app:writeReleaseAppMetadata UP-TO-DATE
> Task :app:writeReleaseSigningConfigVersions UP-TO-DATE
> Task :react-native-community_geolocation:bundleReleaseAar UP-TO-DATE
> Task :react-native-community_geolocation:mergeReleaseResources UP-TO-DATE
> Task :react-native-community_geolocation:verifyReleaseResources UP-TO-DATE
> Task :react-native-community_geolocation:assembleRelease UP-TO-DATE
> Task :react-native-contacts:bundleReleaseAar UP-TO-DATE
> Task :react-native-contacts:mergeReleaseResources UP-TO-DATE
> Task :react-native-contacts:verifyReleaseResources UP-TO-DATE
> Task :react-native-contacts:assembleRelease UP-TO-DATE
> Task :react-native-documents_picker:bundleReleaseAar UP-TO-DATE
> Task :react-native-documents_picker:mergeReleaseResources UP-TO-DATE
> Task :react-native-documents_picker:verifyReleaseResources UP-TO-DATE
> Task :react-native-documents_picker:assembleRelease UP-TO-DATE
> Task :react-native-gesture-handler:bundleReleaseAar UP-TO-DATE
> Task :react-native-gesture-handler:mergeReleaseResources UP-TO-DATE
> Task :react-native-gesture-handler:verifyReleaseResources UP-TO-DATE
> Task :react-native-gesture-handler:assembleRelease UP-TO-DATE
> Task :react-native-image-picker:bundleReleaseAar UP-TO-DATE
> Task :react-native-image-picker:mergeReleaseResources UP-TO-DATE
> Task :react-native-image-picker:verifyReleaseResources UP-TO-DATE
> Task :react-native-image-picker:assembleRelease UP-TO-DATE
> Task :react-native-keychain:bundleReleaseAar UP-TO-DATE
> Task :react-native-keychain:mergeReleaseResources UP-TO-DATE
> Task :react-native-keychain:verifyReleaseResources UP-TO-DATE
> Task :react-native-keychain:assembleRelease UP-TO-DATE
> Task :react-native-nitro-modules:bundleReleaseAar UP-TO-DATE
> Task :react-native-nitro-modules:mergeReleaseResources UP-TO-DATE
> Task :react-native-nitro-modules:verifyReleaseResources UP-TO-DATE
> Task :react-native-nitro-modules:assembleRelease UP-TO-DATE
> Task :react-native-nitro-sound:bundleReleaseAar UP-TO-DATE
> Task :react-native-nitro-sound:mergeReleaseResources UP-TO-DATE
> Task :react-native-nitro-sound:verifyReleaseResources UP-TO-DATE
> Task :react-native-nitro-sound:assembleRelease UP-TO-DATE
> Task :react-native-razorpay:bundleReleaseAar UP-TO-DATE
> Task :react-native-razorpay:mergeReleaseResources UP-TO-DATE
> Task :react-native-razorpay:verifyReleaseResources UP-TO-DATE
> Task :react-native-razorpay:assembleRelease UP-TO-DATE
> Task :react-native-safe-area-context:bundleReleaseAar UP-TO-DATE
> Task :react-native-safe-area-context:mergeReleaseResources UP-TO-DATE
> Task :react-native-safe-area-context:verifyReleaseResources UP-TO-DATE
> Task :react-native-safe-area-context:assembleRelease UP-TO-DATE
> Task :react-native-screens:bundleReleaseAar UP-TO-DATE
> Task :react-native-screens:mergeReleaseResources UP-TO-DATE
> Task :react-native-screens:verifyReleaseResources UP-TO-DATE
> Task :react-native-screens:assembleRelease UP-TO-DATE
> Task :react-native-svg:bundleReleaseAar UP-TO-DATE
> Task :react-native-svg:mergeReleaseResources UP-TO-DATE
> Task :react-native-svg:verifyReleaseResources UP-TO-DATE
> Task :react-native-svg:assembleRelease UP-TO-DATE
> Task :app:configureReleaseDependencies UP-TO-DATE
> Task :app:parseReleaseIntegrityConfig UP-TO-DATE
> Task :app:processReleaseResources
> Task :app:mergeReleaseGeneratedProguardFiles UP-TO-DATE
> Task :app:expandReleaseArtProfileWildcards
> Task :app:lintVitalAnalyzeRelease
> Task :app:lintVitalReportRelease
> Task :app:lintVitalRelease
> Task :app:minifyReleaseWithR8
> Task :app:compileReleaseArtProfile UP-TO-DATE
> Task :app:buildReleasePreBundle
> Task :app:convertShrunkResourcesToBinaryRelease
> Task :app:optimizeReleaseResources
> Task :app:packageRelease
> Task :app:createReleaseApkListingFileRedirect
> Task :app:assembleRelease
> Task :app:packageReleaseBundle
> Task :app:signReleaseBundle
> Task :app:produceReleaseBundleIdeListingFile
> Task :app:createReleaseBundleListingFileRedirect UP-TO-DATE
> Task :app:bundleRelease

[Incubating] Problems report is available at: file:///C:/Users/abhip/ps-ops-platform-stable/mobile/android/build/reports/problems/problems-report.html

Deprecated Gradle features were used in this build, making it incompatible with Gradle 10.

You can use '--warning-mode all' to show the individual deprecation warnings and determine if they come from your own scripts or plugins.

For more on this, please refer to https://docs.gradle.org/9.4.1/userguide/command_line_interface.html#sec:command_line_warnings in the Gradle documentation.

BUILD SUCCESSFUL in 1m 7s
609 actionable tasks: 47 executed, 562 up-to-date
